Archive member included because of file (symbol)

c:/program files (x86)/atmel/studio/7.0/toolchain/avr32/avr32-gnu-toolchain/bin/../lib/gcc/avr32/4.4.7/../../../../avr32/lib/ucr2\libc.a(lib_a-abs.o)
                              src/kernel/semaphore.o (abs)
c:/program files (x86)/atmel/studio/7.0/toolchain/avr32/avr32-gnu-toolchain/bin/../lib/gcc/avr32/4.4.7/../../../../avr32/lib/ucr2\libc.a(lib_a-calloc.o)
                              src/kernel/semaphore.o (calloc)
c:/program files (x86)/atmel/studio/7.0/toolchain/avr32/avr32-gnu-toolchain/bin/../lib/gcc/avr32/4.4.7/../../../../avr32/lib/ucr2\libc.a(lib_a-callocr.o)
                              c:/program files (x86)/atmel/studio/7.0/toolchain/avr32/avr32-gnu-toolchain/bin/../lib/gcc/avr32/4.4.7/../../../../avr32/lib/ucr2\libc.a(lib_a-calloc.o) (_calloc_r)
c:/program files (x86)/atmel/studio/7.0/toolchain/avr32/avr32-gnu-toolchain/bin/../lib/gcc/avr32/4.4.7/../../../../avr32/lib/ucr2\libc.a(lib_a-impure.o)
                              c:/program files (x86)/atmel/studio/7.0/toolchain/avr32/avr32-gnu-toolchain/bin/../lib/gcc/avr32/4.4.7/../../../../avr32/lib/ucr2\libc.a(lib_a-calloc.o) (_impure_ptr)
c:/program files (x86)/atmel/studio/7.0/toolchain/avr32/avr32-gnu-toolchain/bin/../lib/gcc/avr32/4.4.7/../../../../avr32/lib/ucr2\libc.a(lib_a-malloc.o)
                              src/kernel/semaphore.o (free)
c:/program files (x86)/atmel/studio/7.0/toolchain/avr32/avr32-gnu-toolchain/bin/../lib/gcc/avr32/4.4.7/../../../../avr32/lib/ucr2\libc.a(lib_a-mallocr.o)
                              c:/program files (x86)/atmel/studio/7.0/toolchain/avr32/avr32-gnu-toolchain/bin/../lib/gcc/avr32/4.4.7/../../../../avr32/lib/ucr2\libc.a(lib_a-callocr.o) (_malloc_r)
c:/program files (x86)/atmel/studio/7.0/toolchain/avr32/avr32-gnu-toolchain/bin/../lib/gcc/avr32/4.4.7/../../../../avr32/lib/ucr2\libc.a(lib_a-memset.o)
                              src/kernel/rosa_ker.o (memset)
c:/program files (x86)/atmel/studio/7.0/toolchain/avr32/avr32-gnu-toolchain/bin/../lib/gcc/avr32/4.4.7/../../../../avr32/lib/ucr2\libc.a(lib_a-mlock.o)
                              c:/program files (x86)/atmel/studio/7.0/toolchain/avr32/avr32-gnu-toolchain/bin/../lib/gcc/avr32/4.4.7/../../../../avr32/lib/ucr2\libc.a(lib_a-mallocr.o) (__malloc_lock)
c:/program files (x86)/atmel/studio/7.0/toolchain/avr32/avr32-gnu-toolchain/bin/../lib/gcc/avr32/4.4.7/../../../../avr32/lib/ucr2\libc.a(lib_a-sbrkr.o)
                              c:/program files (x86)/atmel/studio/7.0/toolchain/avr32/avr32-gnu-toolchain/bin/../lib/gcc/avr32/4.4.7/../../../../avr32/lib/ucr2\libc.a(lib_a-mallocr.o) (_sbrk_r)
c:/program files (x86)/atmel/studio/7.0/toolchain/avr32/avr32-gnu-toolchain/bin/../lib/gcc/avr32/4.4.7/../../../../avr32/lib/ucr2\libc.a(lib_a-syscalls.o)
                              c:/program files (x86)/atmel/studio/7.0/toolchain/avr32/avr32-gnu-toolchain/bin/../lib/gcc/avr32/4.4.7/../../../../avr32/lib/ucr2\libc.a(lib_a-sbrkr.o) (_sbrk)
c:/program files (x86)/atmel/studio/7.0/toolchain/avr32/avr32-gnu-toolchain/bin/../lib/gcc/avr32/4.4.7/../../../../avr32/lib/ucr2\libc.a(lib_a-errno.o)
                              c:/program files (x86)/atmel/studio/7.0/toolchain/avr32/avr32-gnu-toolchain/bin/../lib/gcc/avr32/4.4.7/../../../../avr32/lib/ucr2\libc.a(lib_a-syscalls.o) (__errno)
c:/program files (x86)/atmel/studio/7.0/toolchain/avr32/avr32-gnu-toolchain/bin/../lib/gcc/avr32/4.4.7/../../../../avr32/lib/ucr2\libc.a(lib_a-findfp.o)
                              c:/program files (x86)/atmel/studio/7.0/toolchain/avr32/avr32-gnu-toolchain/bin/../lib/gcc/avr32/4.4.7/../../../../avr32/lib/ucr2\libc.a(lib_a-impure.o) (__sf_fake_stdin)
c:/program files (x86)/atmel/studio/7.0/toolchain/avr32/avr32-gnu-toolchain/bin/../lib/gcc/avr32/4.4.7/../../../../avr32/lib/ucr2\libc.a(lib_a-freer.o)
                              c:/program files (x86)/atmel/studio/7.0/toolchain/avr32/avr32-gnu-toolchain/bin/../lib/gcc/avr32/4.4.7/../../../../avr32/lib/ucr2\libc.a(lib_a-malloc.o) (_free_r)
c:/program files (x86)/atmel/studio/7.0/toolchain/avr32/avr32-gnu-toolchain/bin/../lib/gcc/avr32/4.4.7/../../../../avr32/lib/ucr2\libc.a(lib_a-fwalk.o)
                              c:/program files (x86)/atmel/studio/7.0/toolchain/avr32/avr32-gnu-toolchain/bin/../lib/gcc/avr32/4.4.7/../../../../avr32/lib/ucr2\libc.a(lib_a-findfp.o) (_fwalk)
c:/program files (x86)/atmel/studio/7.0/toolchain/avr32/avr32-gnu-toolchain/bin/../lib/gcc/avr32/4.4.7/../../../../avr32/lib/ucr2\libc.a(lib_a-reent.o)
                              c:/program files (x86)/atmel/studio/7.0/toolchain/avr32/avr32-gnu-toolchain/bin/../lib/gcc/avr32/4.4.7/../../../../avr32/lib/ucr2\libc.a(lib_a-sbrkr.o) (errno)
c:/program files (x86)/atmel/studio/7.0/toolchain/avr32/avr32-gnu-toolchain/bin/../lib/gcc/avr32/4.4.7/../../../../avr32/lib/ucr2\libc.a(lib_a-stdio.o)
[...]
Memory Configuration

Name             Origin             Length             Attributes
FLASH            0x80000000         0x00080000         axrl !w
INTRAM           0x00000004         0x0000fffc         axw !rl
USERPAGE         0x80800000         0x00000200
*default*        0x00000000         0xffffffff

Linker script and memory map

                0x00001000                _stack_size = 0x1000
LOAD src/kernel/semaphore.o
LOAD src/main.o
LOAD src/kernel/rosa_int.o
LOAD src/kernel/rosa_int_asm.o
LOAD src/kernel/rosa_ker.o
LOAD src/kernel/rosa_ker_asm.o
LOAD src/kernel/rosa_scheduler.o
LOAD src/kernel/rosa_tim.o
START GROUP
END GROUP
LOAD ../src/drivers/button.o
LOAD ../src/drivers/delay.o
LOAD ../src/drivers/gpio.o
LOAD ../src/drivers/led.o
LOAD ../src/drivers/pot.o
LOAD ../src/drivers/usart.o
LOAD ../src/kernel/rosa_tim_asm.o
LOAD ../src/cpu/startup/crt0.o
LOAD c:/program files (x86)/atmel/studio/7.0/toolchain/avr32/avr32-gnu-toolchain/bin/../lib/gcc/avr32/4.4.7/ucr2\libgcc.a
LOAD c:/program files (x86)/atmel/studio/7.0/toolchain/avr32/avr32-gnu-toolchain/bin/../lib/gcc/avr32/4.4.7/../../../../avr32/lib/ucr2\libc.a
LOAD c:/program files (x86)/atmel/studio/7.0/toolchain/avr32/avr32-gnu-toolchain/bin/../lib/gcc/avr32/4.4.7/ucr2\libgcc.a
                0xffffffff                __max_heap_size__ = 0xffffffff
                [0xffffffff]                __heap_size__ = DEFINED (__heap_size__)?__heap_size__:__max_heap_size__
                [0x00001000]                __stack_size__ = DEFINED (__stack_size__)?__stack_size__:0x1000
                [0x00001000]                __appstack_size__ = DEFINED (__appstack_size__)?__appstack_size__:0x1000
                0x80000000                PROVIDE (__executable_start, 0x80000000)
                0x80000000                . = 0x80000000

.interp
 *(.interp)

.reset          0x80000000        0x8
 *(.reset)
 .reset         0x80000000        0x8 ../src/cpu/startup/crt0.o
                0x80000000                _start

.hash
 *(.hash)

.dynsym
 *(.dynsym)

.dynstr
 *(.dynstr)

.gnu.version
 *(.gnu.version)

.gnu.version_d
 *(.gnu.version_d)

.gnu.version_r
 *(.gnu.version_r)

.rel.init
 *(.rel.init)

.rela.init
 *(.rela.init)

.rel.text
 *(.rel.text .rel.text.* .rel.gnu.linkonce.t.*)

.rela.text
 *(.rela.text .rela.text.* .rela.gnu.linkonce.t.*)

.rel.fini
 *(.rel.fini)

.rela.fini
 *(.rela.fini)

.rel.rodata
 *(.rel.rodata .rel.rodata.* .rel.gnu.linkonce.r.*)

.rela.rodata
 *(.rela.rodata .rela.rodata.* .rela.gnu.linkonce.r.*)

.rel.data.rel.ro
 *(.rel.data.rel.ro*)

.rela.data.rel.ro
 *(.rel.data.rel.ro*)

.rel.data
 *(.rel.data .rel.data.* .rel.gnu.linkonce.d.*)

.rela.data
 *(.rela.data .rela.data.* .rela.gnu.linkonce.d.*)

.rel.tdata
 *(.rel.tdata .rel.tdata.* .rel.gnu.linkonce.td.*)

.rela.tdata
 *(.rela.tdata .rela.tdata.* .rela.gnu.linkonce.td.*)

.rel.tbss
 *(.rel.tbss .rel.tbss.* .rel.gnu.linkonce.tb.*)

.rela.tbss
 *(.rela.tbss .rela.tbss.* .rela.gnu.linkonce.tb.*)

.rel.ctors
 *(.rel.ctors)

.rela.ctors
 *(.rela.ctors)

.rel.dtors
 *(.rel.dtors)

.rela.dtors
 *(.rela.dtors)

.rel.got
 *(.rel.got)

.rela.got       0x80000008        0x0
 *(.rela.got)
 .rela.got      0x80000008        0x0 c:/program files (x86)/atmel/studio/7.0/toolchain/avr32/avr32-gnu-toolchain/bin/../lib/gcc/avr32/4.4.7/../../../../avr32/lib/ucr2\libc.a(lib_a-impure.o)

.rel.bss
 *(.rel.bss .rel.bss.* .rel.gnu.linkonce.b.*)

.rela.bss
 *(.rela.bss .rela.bss.* .rela.gnu.linkonce.b.*)

.rel.plt
 *(.rel.plt)

.rela.plt
 *(.rela.plt)

.init
 *(.init)

.plt
 *(.plt)

.text           0x80000008     0x1b98
 *(.text .stub .text.* .gnu.linkonce.t.*)
 .text          0x80000008       0x24 src/main.o
 .text.init_tc  0x8000002c       0x26 src/main.o
                0x8000002c                init_tc
 *fill*         0x80000052        0x2 d703d703
 .text.toggle_1
                0x80000054       0x14 src/main.o
                0x80000054                toggle_1
 .text.toggle_2
                0x80000068       0x14 src/main.o
                0x80000068                toggle_2
 .text.toggle_3
                0x8000007c       0x14 src/main.o
                0x8000007c                toggle_3
 .text.toggle_4
                0x80000090       0x14 src/main.o
                0x80000090                toggle_4
 .text.toggle_5
                0x800000a4       0x14 src/main.o
                0x800000a4                toggle_5
 .text.toggle_6
                0x800000b8       0x14 src/main.o
                0x800000b8                toggle_6
 .text.toggle_7
                0x800000cc       0x14 src/main.o
                0x800000cc                toggle_7
 .text.toggle_8
                0x800000e0       0x14 src/main.o
                0x800000e0                toggle_8
 .text.toggle_9
                0x800000f4       0x14 src/main.o
                0x800000f4                toggle_9
 .text.toggle_10
                0x80000108       0x14 src/main.o
                0x80000108                toggle_10
 .text.toggle_11
                0x8000011c       0x14 src/main.o
                0x8000011c                toggle_11
 .text.toggle_12
                0x80000130       0x14 src/main.o
                0x80000130                toggle_12
 .text.toggle_13
                0x80000144       0x14 src/main.o
                0x80000144                toggle_13
 .text.toggle_14
                0x80000158       0x14 src/main.o
                0x80000158                toggle_14
 .text.toggle_15
                0x8000016c       0x14 src/main.o
                0x8000016c                toggle_15
 .text.toggle_16
                0x80000180       0x14 src/main.o
                0x80000180                toggle_16
 .text.toggle_17
                0x80000194       0x14 src/main.o
                0x80000194                toggle_17
 .text.toggle_18
                0x800001a8       0x14 src/main.o
                0x800001a8                toggle_18
 .text.toggle_19
                0x800001bc       0x14 src/main.o
                0x800001bc                toggle_19
 .text.toggle_20
                0x800001d0       0x14 src/main.o
                0x800001d0                toggle_20
 .text.toggle_21
                0x800001e4       0x14 src/main.o
                0x800001e4                toggle_21
 .text.toggle_22
                0x800001f8       0x14 src/main.o
                0x800001f8                toggle_22
 .text.toggle_23
                0x8000020c       0x14 src/main.o
                0x8000020c                toggle_23
 .text.toggle_24
                0x80000220       0x14 src/main.o
                0x80000220                toggle_24
 .text.toggle_25
                0x80000234       0x14 src/main.o
                0x80000234                toggle_25
 .text.toggle_26
                0x80000248       0x14 src/main.o
                0x80000248                toggle_26
 .text.toggle_27
                0x8000025c       0x14 src/main.o
                0x8000025c                toggle_27
 .text.toggle_28
                0x80000270       0x14 src/main.o
                0x80000270                toggle_28
 .text.toggle_29
                0x80000284       0x14 src/main.o
                0x80000284                toggle_29
 .text.toggle_30
                0x80000298       0x14 src/main.o
                0x80000298                toggle_30
 .text.toggle_31
                0x800002ac       0x14 src/main.o
                0x800002ac                toggle_31
 .text.toggle_32
                0x800002c0       0x14 src/main.o
                0x800002c0                toggle_32
 .text.main     0x800002d4      0x2f4 src/main.o
                0x800002d4                main
 .text.ROSA_yieldFromISR
                0x800005c8       0x48 src/kernel/rosa_int.o
                0x800005c8                ROSA_yieldFromISR
 .text          0x80000610       0x14 src/kernel/rosa_ker.o
 .text.ROSA_init
                0x80000624       0xc0 src/kernel/rosa_ker.o
                0x80000624                ROSA_init
 .text.insert_after
                0x800006e4       0x6a src/kernel/rosa_ker.o
                0x800006e4                insert_after
 *fill*         0x8000074e        0x2 d703d703
 .text.taskInstall
                0x80000750       0xfc src/kernel/rosa_ker.o
                0x80000750                taskInstall
 .text.ROSA_taskCreate
                0x8000084c      0x120 src/kernel/rosa_ker.o
                0x8000084c                ROSA_taskCreate
 .text.taskUninstall
                0x8000096c       0x74 src/kernel/rosa_ker.o
                0x8000096c                taskUninstall
 .text.taskUnsuspend
                0x800009e0       0x98 src/kernel/rosa_ker.o
                0x800009e0                taskUnsuspend
 .text.remove   0x80000a78       0x68 src/kernel/rosa_ker.o
                0x80000a78                remove
 .text.idle     0x80000ae0        0x8 src/kernel/rosa_ker.o
                0x80000ae0                idle
 .text          0x80000ae8       0xe0 src/kernel/rosa_ker_asm.o
                0x80000ae8                ROSA_start
                0x80000b1e                contextInit
                0x80000baa                ROSA_yield
 .text.scheduler
                0x80000bc8       0xd0 src/kernel/rosa_scheduler.o
                0x80000bc8                scheduler
 .text          0x80000c98       0x10 src/kernel/rosa_tim.o
 .text.timerISR
                0x80000ca8       0x34 src/kernel/rosa_tim.o
                0x80000ca8                timerISR
 .text.timerPeriodSet
                0x80000cdc       0xa8 src/kernel/rosa_tim.o
                0x80000cdc                timerPeriodSet
 .text.buttonInit
                0x80000d84       0x28 ../src/drivers/button.o
                0x80000d84                buttonInit
 .text.joystickInit
                0x80000dac       0x38 ../src/drivers/button.o
                0x80000dac                joystickInit
 .text.gpioInit
                0x80000de4       0xa8 ../src/drivers/gpio.o
                0x80000de4                gpioInit
 .text.gpioSet  0x80000e8c       0x50 ../src/drivers/gpio.o
                0x80000e8c                gpioSet
 .text.gpioToggle
                0x80000edc       0x50 ../src/drivers/gpio.o
                0x80000edc                gpioToggle
 .text.ledInit  0x80000f2c       0x8c ../src/drivers/led.o
                0x80000f2c                ledInit
 .text.ledOff   0x80000fb8       0x20 ../src/drivers/led.o
                0x80000fb8                ledOff
 .text.ledToggle
                0x80000fd8       0x20 ../src/drivers/led.o
                0x80000fd8                ledToggle
 .text          0x80000ff8       0x48 ../src/drivers/pot.o
                0x80000ff8                potInit
                0x80001026                potGetValue
 .text.usartReset
                0x80001040       0x70 ../src/drivers/usart.o
                0x80001040                usartReset
 .text.usartSetBaudrate
                0x800010b0       0xfc ../src/drivers/usart.o
                0x800010b0                usartSetBaudrate
 .text.usartInit
                0x800011ac      0x124 ../src/drivers/usart.o
                0x800011ac                usartInit
 .text          0x800012d0       0xb8 ../src/kernel/rosa_tim_asm.o
                0x800012d0                timerInit
                0x800012fe                timerStart
                0x800012fe                timerReset
                0x8000131c                timerStop
                0x8000132e                timerRCSet
                0x80001344                timerPrescaleSet
                0x80001364                timerClearInterrupt
 .text._stext   0x80001388       0x80 ../src/cpu/startup/crt0.o
                0x80001388                _stext
 .text.calloc   0x80001408       0x18 c:/program files (x86)/atmel/studio/7.0/toolchain/avr32/avr32-gnu-toolchain/bin/../lib/gcc/avr32/4.4.7/../../../../avr32/lib/ucr2\libc.a(lib_a-calloc.o)
                0x80001408                calloc
 .text._calloc_r
                0x80001420       0x60 c:/program files (x86)/atmel/studio/7.0/toolchain/avr32/avr32-gnu-toolchain/bin/../lib/gcc/avr32/4.4.7/../../../../avr32/lib/ucr2\libc.a(lib_a-callocr.o)
                0x80001420                _calloc_r
 .text._malloc_r
                0x80001480      0x450 c:/program files (x86)/atmel/studio/7.0/toolchain/avr32/avr32-gnu-toolchain/bin/../lib/gcc/avr32/4.4.7/../../../../avr32/lib/ucr2\libc.a(lib_a-mallocr.o)
                0x80001480                _malloc_r
 .text.memset   0x800018d0        0xe c:/program files (x86)/atmel/studio/7.0/toolchain/avr32/avr32-gnu-toolchain/bin/../lib/gcc/avr32/4.4.7/../../../../avr32/lib/ucr2\libc.a(lib_a-memset.o)
                0x800018d0                memset
 .text.__malloc_lock
                0x800018de        0x2 c:/program files (x86)/atmel/studio/7.0/toolchain/avr32/avr32-gnu-toolchain/bin/../lib/gcc/avr32/4.4.7/../../../../avr32/lib/ucr2\libc.a(lib_a-mlock.o)
                0x800018de                __malloc_lock
 .text.__malloc_unlock
                0x800018e0        0x2 c:/program files (x86)/atmel/studio/7.0/toolchain/avr32/avr32-gnu-toolchain/bin/../lib/gcc/avr32/4.4.7/../../../../avr32/lib/ucr2\libc.a(lib_a-mlock.o)
                0x800018e0                __malloc_unlock
 *fill*         0x800018e2        0x2 d703d703
 .text._sbrk_r  0x800018e4       0x28 c:/program files (x86)/atmel/studio/7.0/toolchain/avr32/avr32-gnu-toolchain/bin/../lib/gcc/avr32/4.4.7/../../../../avr32/lib/ucr2\libc.a(lib_a-sbrkr.o)
                0x800018e4                _sbrk_r
 .text._sbrk    0x8000190c       0x40 c:/program files (x86)/atmel/studio/7.0/toolchain/avr32/avr32-gnu-toolchain/bin/../lib/gcc/avr32/4.4.7/../../../../avr32/lib/ucr2\libc.a(lib_a-syscalls.o)
                0x8000190c                _sbrk
 .text.__errno  0x8000194c        0xc c:/program files (x86)/atmel/studio/7.0/toolchain/avr32/avr32-gnu-toolchain/bin/../lib/gcc/avr32/4.4.7/../../../../avr32/lib/ucr2\libc.a(lib_a-errno.o)
                0x8000194c                __errno
 .text._malloc_trim_r
                0x80001958       0xa8 c:/program files (x86)/atmel/studio/7.0/toolchain/avr32/avr32-gnu-toolchain/bin/../lib/gcc/avr32/4.4.7/../../../../avr32/lib/ucr2\libc.a(lib_a-freer.o)
                0x80001958                _malloc_trim_r
 .text._free_r  0x80001a00      0x1a0 c:/program files (x86)/atmel/studio/7.0/toolchain/avr32/avr32-gnu-toolchain/bin/../lib/gcc/avr32/4.4.7/../../../../avr32/lib/ucr2\libc.a(lib_a-freer.o)
                0x80001a00                _free_r
 *(.text.*personality*)
 *(.gnu.warning)

.exception      0x80001c00      0x400
 .exception     0x80001c00      0x400 src/kernel/rosa_int_asm.o
                0x80001c00                _evba
                0x80001d48                interruptInit
                0x80001d66                interruptDisable
                0x80001d6a                interruptEnable
                0x80001d6e                isInterruptEnabled
                0x80001d7e                contextSaveFromISR
                0x80001db8                contextRestoreFromISR

.fini
 *(.fini)
                0x80002000                PROVIDE (__etext, .)
                0x80002000                PROVIDE (_etext, .)
                0x80002000                PROVIDE (etext, .)

.rodata         0x80002000       0x84
 *(.rodata .rodata.* .gnu.linkonce.r.*)
 .rodata.C.0.9379
                0x80002000       0x20 ../src/drivers/led.o
 .rodata.str1.4
                0x80002020        0x4 c:/program files (x86)/atmel/studio/7.0/toolchain/avr32/avr32-gnu-toolchain/bin/../lib/gcc/avr32/4.4.7/../../../../avr32/lib/ucr2\libc.a(lib_a-impure.o)
 .rodata.__sf_fake_stdin
                0x80002024       0x20 c:/program files (x86)/atmel/studio/7.0/toolchain/avr32/avr32-gnu-toolchain/bin/../lib/gcc/avr32/4.4.7/../../../../avr32/lib/ucr2\libc.a(lib_a-findfp.o)
                0x80002024                __sf_fake_stdin
 .rodata.__sf_fake_stdout
                0x80002044       0x20 c:/program files (x86)/atmel/studio/7.0/toolchain/avr32/avr32-gnu-toolchain/bin/../lib/gcc/avr32/4.4.7/../../../../avr32/lib/ucr2\libc.a(lib_a-findfp.o)
                0x80002044                __sf_fake_stdout
 .rodata.__sf_fake_stderr
                0x80002064       0x20 c:/program files (x86)/atmel/studio/7.0/toolchain/avr32/avr32-gnu-toolchain/bin/../lib/gcc/avr32/4.4.7/../../../../avr32/lib/ucr2\libc.a(lib_a-findfp.o)
                0x80002064                __sf_fake_stderr

.rodata1
 *(.rodata1)

.eh_frame_hdr
 *(.eh_frame_hdr)

.eh_frame
 *(.eh_frame)

.gcc_except_table
 *(.gcc_except_table)
 *(.gcc_except_table.*)

.lalign         0x80002084        0x4
                0x80002088                . = ALIGN (0x8)
 *fill*         0x80002084        0x4 
                0x80002088                PROVIDE (_data_lma, .)
                0x00000004                . = ORIGIN (INTRAM)

.dalign         0x00000004        0x4
                0x00000008                . = ALIGN (0x8)
 *fill*         0x00000004        0x4 
                0x00000008                PROVIDE (_data, .)

.eh_frame
 *(.eh_frame)

.gcc_except_table
 *(.gcc_except_table)
 *(.gcc_except_table.*)

.tdata
 *(.tdata .tdata.* .gnu.linkonce.td.*)

.tbss
 *(.tbss .tbss.* .gnu.linkonce.tb.*)
 *(.tcommon)
                0x00000008                PROVIDE (__preinit_array_start, ALIGN (0x4))

.preinit_array
 *(.preinit_array)
                0x00000008                PROVIDE (__preinit_array_end, .)
                0x00000008                PROVIDE (__init_array_start, .)

.init_array
 *(.init_array)
                0x00000008                PROVIDE (__init_array_end, .)
                0x00000008                PROVIDE (__fini_array_start, .)

.fini_array
 *(.fini_array)
                0x00000008                PROVIDE (__fini_array_end, .)

.ctors
 *crtbegin*.o(.ctors)
 *(EXCLUDE_FILE(*crtend*.o) .ctors)
 *(SORT(.ctors.*))
 *(.ctors)

.dtors
 *crtbegin*.o(.dtors)
 *(EXCLUDE_FILE(*crtend*.o) .dtors)
 *(SORT(.dtors.*))
 *(.dtors)

.jcr
 *(.jcr)

.data.rel.ro
 *(.data.rel.ro.local)
 *(.data.rel.ro*)

.dynamic
 *(.dynamic)

.got
 *(.got.plt)
 *(.got)

.ramtext
 *(.ramtext .ramtext.*)

.ddalign        0x00000008        0x0 load address 0x80002088
                0x00000008                . = ALIGN (0x8)

.data           0x00000008      0x50c load address 0x80002088
 *(.data .data.* .gnu.linkonce.d.*)
 .data          0x00000008        0x8 ../src/kernel/rosa_tim_asm.o
                0x00000008                timerRC
                0x0000000c                timerPrescale
 .data.impure_data
                0x00000010       0xf0 c:/program files (x86)/atmel/studio/7.0/toolchain/avr32/avr32-gnu-toolchain/bin/../lib/gcc/avr32/4.4.7/../../../../avr32/lib/ucr2\libc.a(lib_a-impure.o)
 .data._impure_ptr
                0x00000100        0x4 c:/program files (x86)/atmel/studio/7.0/toolchain/avr32/avr32-gnu-toolchain/bin/../lib/gcc/avr32/4.4.7/../../../../avr32/lib/ucr2\libc.a(lib_a-impure.o)
                0x00000100                _impure_ptr
 .data.__malloc_av_
                0x00000104      0x408 c:/program files (x86)/atmel/studio/7.0/toolchain/avr32/avr32-gnu-toolchain/bin/../lib/gcc/avr32/4.4.7/../../../../avr32/lib/ucr2\libc.a(lib_a-mallocr.o)
                0x00000104                __malloc_av_
 .data.__malloc_trim_threshold
                0x0000050c        0x4 c:/program files (x86)/atmel/studio/7.0/toolchain/avr32/avr32-gnu-toolchain/bin/../lib/gcc/avr32/4.4.7/../../../../avr32/lib/ucr2\libc.a(lib_a-mallocr.o)
                0x0000050c                __malloc_trim_threshold
 .data.__malloc_sbrk_base
                0x00000510        0x4 c:/program files (x86)/atmel/studio/7.0/toolchain/avr32/avr32-gnu-toolchain/bin/../lib/gcc/avr32/4.4.7/../../../../avr32/lib/ucr2\libc.a(lib_a-mallocr.o)
                0x00000510                __malloc_sbrk_base
 *(.gnu.linkonce.d.*personality*)

.data1
 *(.data1)

.balign         0x00000514        0x4 load address 0x80002594
                0x00000518                . = ALIGN (0x8)
 *fill*         0x00000514        0x4 
                0x00000518                PROVIDE (_edata, .)
                0x00000518                PROVIDE (edata, .)
                0x00000518                __bss_start = .

.bss            0x00000518      0x100
 *(.dynbss)
 *(.bss .bss.* .gnu.linkonce.b.*)
 .bss.__malloc_max_total_mem
                0x00000518        0x4 c:/program files (x86)/atmel/studio/7.0/toolchain/avr32/avr32-gnu-toolchain/bin/../lib/gcc/avr32/4.4.7/../../../../avr32/lib/ucr2\libc.a(lib_a-mallocr.o)
                0x00000518                __malloc_max_total_mem
 .bss.__malloc_max_sbrked_mem
                0x0000051c        0x4 c:/program files (x86)/atmel/studio/7.0/toolchain/avr32/avr32-gnu-toolchain/bin/../lib/gcc/avr32/4.4.7/../../../../avr32/lib/ucr2\libc.a(lib_a-mallocr.o)
                0x0000051c                __malloc_max_sbrked_mem
 .bss.__malloc_top_pad
                0x00000520        0x4 c:/program files (x86)/atmel/studio/7.0/toolchain/avr32/avr32-gnu-toolchain/bin/../lib/gcc/avr32/4.4.7/../../../../avr32/lib/ucr2\libc.a(lib_a-mallocr.o)
                0x00000520                __malloc_top_pad
 .bss.__malloc_current_mallinfo
                0x00000524       0x28 c:/program files (x86)/atmel/studio/7.0/toolchain/avr32/avr32-gnu-toolchain/bin/../lib/gcc/avr32/4.4.7/../../../../avr32/lib/ucr2\libc.a(lib_a-mallocr.o)
                0x00000524                __malloc_current_mallinfo
 .bss.cur_heap_pos.1869
                0x0000054c        0x4 c:/program files (x86)/atmel/studio/7.0/toolchain/avr32/avr32-gnu-toolchain/bin/../lib/gcc/avr32/4.4.7/../../../../avr32/lib/ucr2\libc.a(lib_a-syscalls.o)
 *(COMMON)
 COMMON         0x00000550       0x98 src/main.o
                0x00000550                task_handle_6
                0x00000554                task_handle_17
                0x00000558                task_handle_4
                0x0000055c                hog_semaphores_task_handle
                0x00000560                task_handle_13
                0x00000564                task_handle_3
                0x00000568                task_handle_9
                0x0000056c                task_handle_11
                0x00000570                task_handle_2
                0x00000574                task1_handle
                0x00000578                task_handle_30
                0x0000057c                task_handle_21
                0x00000580                task_handle_8
                0x00000584                task_handle_14
                0x00000588                task_handle_24
                0x0000058c                task_handle_1
                0x00000590                task_handle_20
                0x00000594                task_handle_19
                0x00000598                task2_handle
                0x0000059c                task_handle_27
                0x000005a0                task_handle_12
                0x000005a4                arbiter_task_handle
                0x000005a8                task_handle_5
                0x000005ac                task_handle_7
                0x000005b0                task_handle_22
                0x000005b4                task_handle_25
                0x000005b8                task_handle_29
                0x000005bc                task_handle_32
                0x000005c0                task_handle_15
                0x000005c4                task_handle_16
                0x000005c8                task_handle_23
                0x000005cc                task_handle_18
                0x000005d0                task_handle_10
                0x000005d4                task_handle_28
                0x000005d8                task_handle_31
                0x000005dc                task3_handle
                0x000005e0                task4_handle
                0x000005e4                task_handle_26
 COMMON         0x000005e8       0x24 src/kernel/rosa_ker.o
                0x000005e8                IDLETASK
                0x000005ec                TCBLIST
                0x000005f0                SUSPENDEDLIST
                0x000005f4                SEMAPHORES
                0x000005f8                EXECTASK
                0x000005fc                round_robin_ticks
                0x00000604                system_ticks
 COMMON         0x0000060c        0x4 src/kernel/rosa_scheduler.o
                0x0000060c                iterator
 COMMON         0x00000610        0x4 c:/program files (x86)/atmel/studio/7.0/toolchain/avr32/avr32-gnu-toolchain/bin/../lib/gcc/avr32/4.4.7/../../../../avr32/lib/ucr2\libc.a(lib_a-reent.o)
                0x00000610                errno
                0x00000618                . = ALIGN (0x8)
 *fill*         0x00000614        0x4 
                0x00000618                . = ALIGN (0x8)
                0x00000618                _end = .
                0x00000618                PROVIDE (end, .)
                0x00000618                __heap_start__ = ALIGN (0x8)

.heap           0x00000618     0xd9e8
 *(.heap)
                0x0000d9e8                . = (__heap_size__ == __max_heap_size__)?((((ORIGIN (INTRAM) + 0xfffc) - __stack_size__) - __appstack_size__) - ABSOLUTE (.)):__heap_size__
 *fill*         0x00000618     0xd9e8 
                0x0000e000                __heap_end__ = .

.stab
 *(.stab)

.stabstr
 *(.stabstr)

.stab.excl
 *(.stab.excl)

.stab.exclstr
 *(.stab.exclstr)

.stab.index
 *(.stab.index)

.stab.indexstr
 *(.stab.indexstr)

.comment        0x00000000       0xa0
 *(.comment)
 .comment       0x00000000       0x30 src/main.o
                                 0x31 (size before relaxing)
 .comment       0x00000000       0x31 src/kernel/rosa_int.o
 .comment       0x00000000       0x31 src/kernel/rosa_ker.o
 .comment       0x00000000       0x31 src/kernel/rosa_scheduler.o
 .comment       0x00000000       0x31 src/kernel/rosa_tim.o
 .comment       0x00000030       0x1c ../src/drivers/button.o
 .comment       0x0000004c       0x1c ../src/drivers/gpio.o
 .comment       0x00000068       0x1c ../src/drivers/led.o
 .comment       0x00000084       0x1c ../src/drivers/usart.o
 .comment       0x00000000       0x31 c:/program files (x86)/atmel/studio/7.0/toolchain/avr32/avr32-gnu-toolchain/bin/../lib/gcc/avr32/4.4.7/../../../../avr32/lib/ucr2\libc.a(lib_a-calloc.o)
 .comment       0x00000000       0x31 c:/program files (x86)/atmel/studio/7.0/toolchain/avr32/avr32-gnu-toolchain/bin/../lib/gcc/avr32/4.4.7/../../../../avr32/lib/ucr2\libc.a(lib_a-callocr.o)
 .comment       0x00000000       0x31 c:/program files (x86)/atmel/studio/7.0/toolchain/avr32/avr32-gnu-toolchain/bin/../lib/gcc/avr32/4.4.7/../../../../avr32/lib/ucr2\libc.a(lib_a-impure.o)
 .comment       0x00000000       0x31 c:/program files (x86)/atmel/studio/7.0/toolchain/avr32/avr32-gnu-toolchain/bin/../lib/gcc/avr32/4.4.7/../../../../avr32/lib/ucr2\libc.a(lib_a-mallocr.o)
 .comment       0x00000000       0x31 c:/program files (x86)/atmel/studio/7.0/toolchain/avr32/avr32-gnu-toolchain/bin/../lib/gcc/avr32/4.4.7/../../../../avr32/lib/ucr2\libc.a(lib_a-memset.o)
 .comment       0x00000000       0x31 c:/program files (x86)/atmel/studio/7.0/toolchain/avr32/avr32-gnu-toolchain/bin/../lib/gcc/avr32/4.4.7/../../../../avr32/lib/ucr2\libc.a(lib_a-mlock.o)
 .comment       0x00000000       0x31 c:/program files (x86)/atmel/studio/7.0/toolchain/avr32/avr32-gnu-toolchain/bin/../lib/gcc/avr32/4.4.7/../../../../avr32/lib/ucr2\libc.a(lib_a-sbrkr.o)
 .comment       0x00000000       0x31 c:/program files (x86)/atmel/studio/7.0/toolchain/avr32/avr32-gnu-toolchain/bin/../lib/gcc/avr32/4.4.7/../../../../avr32/lib/ucr2\libc.a(lib_a-syscalls.o)
 .comment       0x00000000       0x31 c:/program files (x86)/atmel/studio/7.0/toolchain/avr32/avr32-gnu-toolchain/bin/../lib/gcc/avr32/4.4.7/../../../../avr32/lib/ucr2\libc.a(lib_a-errno.o)
 .comment       0x00000000       0x31 c:/program files (x86)/atmel/studio/7.0/toolchain/avr32/avr32-gnu-toolchain/bin/../lib/gcc/avr32/4.4.7/../../../../avr32/lib/ucr2\libc.a(lib_a-findfp.o)
 .comment       0x00000000       0x31 c:/program files (x86)/atmel/studio/7.0/toolchain/avr32/avr32-gnu-toolchain/bin/../lib/gcc/avr32/4.4.7/../../../../avr32/lib/ucr2\libc.a(lib_a-freer.o)
 .comment       0x00000000       0x31 c:/program files (x86)/atmel/studio/7.0/toolchain/avr32/avr32-gnu-toolchain/bin/../lib/gcc/avr32/4.4.7/../../../../avr32/lib/ucr2\libc.a(lib_a-reent.o)

.debug
 *(.debug)

.line
 *(.line)

.debug_srcinfo
 *(.debug_srcinfo)

.debug_sfnames
 *(.debug_sfnames)

.debug_aranges  0x00000000      0x6c8
 *(.debug_aranges)
 .debug_aranges
                0x00000000      0x188 src/main.o
 .debug_aranges
                0x00000188       0x20 src/kernel/rosa_int.o
 .debug_aranges
                0x000001a8       0x20 src/kernel/rosa_int_asm.o
 .debug_aranges
                0x000001c8       0xb0 src/kernel/rosa_ker.o
 .debug_aranges
                0x00000278       0x20 src/kernel/rosa_ker_asm.o
 .debug_aranges
                0x00000298       0x20 src/kernel/rosa_scheduler.o
 .debug_aranges
                0x000002b8       0x28 src/kernel/rosa_tim.o
 .debug_aranges
                0x000002e0       0x58 ../src/drivers/button.o
 .debug_aranges
                0x00000338       0x40 ../src/drivers/gpio.o
 .debug_aranges
                0x00000378       0x38 ../src/drivers/led.o
 .debug_aranges
                0x000003b0       0x60 ../src/drivers/usart.o
 .debug_aranges
                0x00000410       0x20 c:/program files (x86)/atmel/studio/7.0/toolchain/avr32/avr32-gnu-toolchain/bin/../lib/gcc/avr32/4.4.7/../../../../avr32/lib/ucr2\libc.a(lib_a-calloc.o)
 .debug_aranges
                0x00000430       0x20 c:/program files (x86)/atmel/studio/7.0/toolchain/avr32/avr32-gnu-toolchain/bin/../lib/gcc/avr32/4.4.7/../../../../avr32/lib/ucr2\libc.a(lib_a-callocr.o)
 .debug_aranges
                0x00000450       0x20 c:/program files (x86)/atmel/studio/7.0/toolchain/avr32/avr32-gnu-toolchain/bin/../lib/gcc/avr32/4.4.7/../../../../avr32/lib/ucr2\libc.a(lib_a-mallocr.o)
 .debug_aranges
                0x00000470       0x20 c:/program files (x86)/atmel/studio/7.0/toolchain/avr32/avr32-gnu-toolchain/bin/../lib/gcc/avr32/4.4.7/../../../../avr32/lib/ucr2\libc.a(lib_a-memset.o)
 .debug_aranges
                0x00000490       0x28 c:/program files (x86)/atmel/studio/7.0/toolchain/avr32/avr32-gnu-toolchain/bin/../lib/gcc/avr32/4.4.7/../../../../avr32/lib/ucr2\libc.a(lib_a-mlock.o)
 .debug_aranges
                0x000004b8       0x20 c:/program files (x86)/atmel/studio/7.0/toolchain/avr32/avr32-gnu-toolchain/bin/../lib/gcc/avr32/4.4.7/../../../../avr32/lib/ucr2\libc.a(lib_a-sbrkr.o)
 .debug_aranges
                0x000004d8       0xf8 c:/program files (x86)/atmel/studio/7.0/toolchain/avr32/avr32-gnu-toolchain/bin/../lib/gcc/avr32/4.4.7/../../../../avr32/lib/ucr2\libc.a(lib_a-syscalls.o)
 .debug_aranges
                0x000005d0       0x20 c:/program files (x86)/atmel/studio/7.0/toolchain/avr32/avr32-gnu-toolchain/bin/../lib/gcc/avr32/4.4.7/../../../../avr32/lib/ucr2\libc.a(lib_a-errno.o)
 .debug_aranges
                0x000005f0       0x80 c:/program files (x86)/atmel/studio/7.0/toolchain/avr32/avr32-gnu-toolchain/bin/../lib/gcc/avr32/4.4.7/../../../../avr32/lib/ucr2\libc.a(lib_a-findfp.o)
 .debug_aranges
                0x00000670       0x28 c:/program files (x86)/atmel/studio/7.0/toolchain/avr32/avr32-gnu-toolchain/bin/../lib/gcc/avr32/4.4.7/../../../../avr32/lib/ucr2\libc.a(lib_a-freer.o)
 .debug_aranges
                0x00000698       0x30 c:/program files (x86)/atmel/studio/7.0/toolchain/avr32/avr32-gnu-toolchain/bin/../lib/gcc/avr32/4.4.7/../../../../avr32/lib/ucr2\libc.a(lib_a-reent.o)

.debug_pubnames
                0x00000000      0xffe
 *(.debug_pubnames)
 .debug_pubnames
                0x00000000      0x625 src/main.o
 .debug_pubnames
                0x00000625       0x5e src/kernel/rosa_int.o
 .debug_pubnames
                0x00000683      0x21d src/kernel/rosa_ker.o
 .debug_pubnames
                0x000008a0       0x63 src/kernel/rosa_scheduler.o
 .debug_pubnames
                0x00000903       0x32 src/kernel/rosa_tim.o
 .debug_pubnames
                0x00000935       0xa0 ../src/drivers/button.o
 .debug_pubnames
                0x000009d5       0x54 ../src/drivers/gpio.o
 .debug_pubnames
                0x00000a29       0x41 ../src/drivers/led.o
 .debug_pubnames
                0x00000a6a       0xb2 ../src/drivers/usart.o
 .debug_pubnames
                0x00000b1c       0x1d c:/program files (x86)/atmel/studio/7.0/toolchain/avr32/avr32-gnu-toolchain/bin/../lib/gcc/avr32/4.4.7/../../../../avr32/lib/ucr2\libc.a(lib_a-calloc.o)
 .debug_pubnames
                0x00000b39       0x20 c:/program files (x86)/atmel/studio/7.0/toolchain/avr32/avr32-gnu-toolchain/bin/../lib/gcc/avr32/4.4.7/../../../../avr32/lib/ucr2\libc.a(lib_a-callocr.o)
 .debug_pubnames
                0x00000b59       0x39 c:/program files (x86)/atmel/studio/7.0/toolchain/avr32/avr32-gnu-toolchain/bin/../lib/gcc/avr32/4.4.7/../../../../avr32/lib/ucr2\libc.a(lib_a-impure.o)
 .debug_pubnames
                0x00000b92       0xce c:/program files (x86)/atmel/studio/7.0/toolchain/avr32/avr32-gnu-toolchain/bin/../lib/gcc/avr32/4.4.7/../../../../avr32/lib/ucr2\libc.a(lib_a-mallocr.o)
 .debug_pubnames
                0x00000c60       0x1d c:/program files (x86)/atmel/studio/7.0/toolchain/avr32/avr32-gnu-toolchain/bin/../lib/gcc/avr32/4.4.7/../../../../avr32/lib/ucr2\libc.a(lib_a-memset.o)
 .debug_pubnames
                0x00000c7d       0x38 c:/program files (x86)/atmel/studio/7.0/toolchain/avr32/avr32-gnu-toolchain/bin/../lib/gcc/avr32/4.4.7/../../../../avr32/lib/ucr2\libc.a(lib_a-mlock.o)
 .debug_pubnames
                0x00000cb5       0x1e c:/program files (x86)/atmel/studio/7.0/toolchain/avr32/avr32-gnu-toolchain/bin/../lib/gcc/avr32/4.4.7/../../../../avr32/lib/ucr2\libc.a(lib_a-sbrkr.o)
 .debug_pubnames
                0x00000cd3      0x171 c:/program files (x86)/atmel/studio/7.0/toolchain/avr32/avr32-gnu-toolchain/bin/../lib/gcc/avr32/4.4.7/../../../../avr32/lib/ucr2\libc.a(lib_a-syscalls.o)
 .debug_pubnames
                0x00000e44       0x1e c:/program files (x86)/atmel/studio/7.0/toolchain/avr32/avr32-gnu-toolchain/bin/../lib/gcc/avr32/4.4.7/../../../../avr32/lib/ucr2\libc.a(lib_a-errno.o)
 .debug_pubnames
                0x00000e62      0x119 c:/program files (x86)/atmel/studio/7.0/toolchain/avr32/avr32-gnu-toolchain/bin/../lib/gcc/avr32/4.4.7/../../../../avr32/lib/ucr2\libc.a(lib_a-findfp.o)
 .debug_pubnames
                0x00000f7b       0x31 c:/program files (x86)/atmel/studio/7.0/toolchain/avr32/avr32-gnu-toolchain/bin/../lib/gcc/avr32/4.4.7/../../../../avr32/lib/ucr2\libc.a(lib_a-freer.o)
 .debug_pubnames
                0x00000fac       0x52 c:/program files (x86)/atmel/studio/7.0/toolchain/avr32/avr32-gnu-toolchain/bin/../lib/gcc/avr32/4.4.7/../../../../avr32/lib/ucr2\libc.a(lib_a-reent.o)

.debug_info     0x00000000     0xc1bd
 *(.debug_info .gnu.linkonce.wi.*)
 .debug_info    0x00000000      0xa7a src/main.o
 .debug_info    0x00000a7a       0xcf src/kernel/rosa_int.o
 .debug_info    0x00000b49       0x85 src/kernel/rosa_int_asm.o
 .debug_info    0x00000bce     0x1a53 src/kernel/rosa_ker.o
 .debug_info    0x00002621       0x85 src/kernel/rosa_ker_asm.o
 .debug_info    0x000026a6      0x2c6 src/kernel/rosa_scheduler.o
 .debug_info    0x0000296c      0xa80 src/kernel/rosa_tim.o
 .debug_info    0x000033ec      0x114 ../src/drivers/button.o
 .debug_info    0x00003500      0x531 ../src/drivers/gpio.o
 .debug_info    0x00003a31       0xfb ../src/drivers/led.o
 .debug_info    0x00003b2c     0x194a ../src/drivers/usart.o
 .debug_info    0x00005476      0x8ce c:/program files (x86)/atmel/studio/7.0/toolchain/avr32/avr32-gnu-toolchain/bin/../lib/gcc/avr32/4.4.7/../../../../avr32/lib/ucr2\libc.a(lib_a-calloc.o)
 .debug_info    0x00005d44      0x997 c:/program files (x86)/atmel/studio/7.0/toolchain/avr32/avr32-gnu-toolchain/bin/../lib/gcc/avr32/4.4.7/../../../../avr32/lib/ucr2\libc.a(lib_a-callocr.o)
 .debug_info    0x000066db      0x960 c:/program files (x86)/atmel/studio/7.0/toolchain/avr32/avr32-gnu-toolchain/bin/../lib/gcc/avr32/4.4.7/../../../../avr32/lib/ucr2\libc.a(lib_a-impure.o)
 .debug_info    0x0000703b      0xc4e c:/program files (x86)/atmel/studio/7.0/toolchain/avr32/avr32-gnu-toolchain/bin/../lib/gcc/avr32/4.4.7/../../../../avr32/lib/ucr2\libc.a(lib_a-mallocr.o)
 .debug_info    0x00007c89       0xcd c:/program files (x86)/atmel/studio/7.0/toolchain/avr32/avr32-gnu-toolchain/bin/../lib/gcc/avr32/4.4.7/../../../../avr32/lib/ucr2\libc.a(lib_a-memset.o)
 .debug_info    0x00007d56      0x8cf c:/program files (x86)/atmel/studio/7.0/toolchain/avr32/avr32-gnu-toolchain/bin/../lib/gcc/avr32/4.4.7/../../../../avr32/lib/ucr2\libc.a(lib_a-mlock.o)
 .debug_info    0x00008625      0x8de c:/program files (x86)/atmel/studio/7.0/toolchain/avr32/avr32-gnu-toolchain/bin/../lib/gcc/avr32/4.4.7/../../../../avr32/lib/ucr2\libc.a(lib_a-sbrkr.o)
 .debug_info    0x00008f03      0x93a c:/program files (x86)/atmel/studio/7.0/toolchain/avr32/avr32-gnu-toolchain/bin/../lib/gcc/avr32/4.4.7/../../../../avr32/lib/ucr2\libc.a(lib_a-syscalls.o)
 .debug_info    0x0000983d      0x8a6 c:/program files (x86)/atmel/studio/7.0/toolchain/avr32/avr32-gnu-toolchain/bin/../lib/gcc/avr32/4.4.7/../../../../avr32/lib/ucr2\libc.a(lib_a-errno.o)
 .debug_info    0x0000a0e3      0xc2a c:/program files (x86)/atmel/studio/7.0/toolchain/avr32/avr32-gnu-toolchain/bin/../lib/gcc/avr32/4.4.7/../../../../avr32/lib/ucr2\libc.a(lib_a-findfp.o)
 .debug_info    0x0000ad0d      0xb3d c:/program files (x86)/atmel/studio/7.0/toolchain/avr32/avr32-gnu-toolchain/bin/../lib/gcc/avr32/4.4.7/../../../../avr32/lib/ucr2\libc.a(lib_a-freer.o)
 .debug_info    0x0000b84a      0x973 c:/program files (x86)/atmel/studio/7.0/toolchain/avr32/avr32-gnu-toolchain/bin/../lib/gcc/avr32/4.4.7/../../../../avr32/lib/ucr2\libc.a(lib_a-reent.o)

.debug_abbrev   0x00000000     0x1deb
 *(.debug_abbrev)
 .debug_abbrev  0x00000000      0x150 src/main.o
 .debug_abbrev  0x00000150       0x7b src/kernel/rosa_int.o
 .debug_abbrev  0x000001cb       0x14 src/kernel/rosa_int_asm.o
 .debug_abbrev  0x000001df      0x26b src/kernel/rosa_ker.o
 .debug_abbrev  0x0000044a       0x14 src/kernel/rosa_ker_asm.o
 .debug_abbrev  0x0000045e       0xd7 src/kernel/rosa_scheduler.o
 .debug_abbrev  0x00000535      0x174 src/kernel/rosa_tim.o
 .debug_abbrev  0x000006a9       0x89 ../src/drivers/button.o
 .debug_abbrev  0x00000732      0x111 ../src/drivers/gpio.o
 .debug_abbrev  0x00000843       0xa0 ../src/drivers/led.o
 .debug_abbrev  0x000008e3      0x20c ../src/drivers/usart.o
 .debug_abbrev  0x00000aef      0x170 c:/program files (x86)/atmel/studio/7.0/toolchain/avr32/avr32-gnu-toolchain/bin/../lib/gcc/avr32/4.4.7/../../../../avr32/lib/ucr2\libc.a(lib_a-calloc.o)
 .debug_abbrev  0x00000c5f      0x193 c:/program files (x86)/atmel/studio/7.0/toolchain/avr32/avr32-gnu-toolchain/bin/../lib/gcc/avr32/4.4.7/../../../../avr32/lib/ucr2\libc.a(lib_a-callocr.o)
 .debug_abbrev  0x00000df2      0x160 c:/program files (x86)/atmel/studio/7.0/toolchain/avr32/avr32-gnu-toolchain/bin/../lib/gcc/avr32/4.4.7/../../../../avr32/lib/ucr2\libc.a(lib_a-impure.o)
 .debug_abbrev  0x00000f52      0x205 c:/program files (x86)/atmel/studio/7.0/toolchain/avr32/avr32-gnu-toolchain/bin/../lib/gcc/avr32/4.4.7/../../../../avr32/lib/ucr2\libc.a(lib_a-mallocr.o)
 .debug_abbrev  0x00001157       0x85 c:/program files (x86)/atmel/studio/7.0/toolchain/avr32/avr32-gnu-toolchain/bin/../lib/gcc/avr32/4.4.7/../../../../avr32/lib/ucr2\libc.a(lib_a-memset.o)
 .debug_abbrev  0x000011dc      0x15b c:/program files (x86)/atmel/studio/7.0/toolchain/avr32/avr32-gnu-toolchain/bin/../lib/gcc/avr32/4.4.7/../../../../avr32/lib/ucr2\libc.a(lib_a-mlock.o)
 .debug_abbrev  0x00001337      0x17f c:/program files (x86)/atmel/studio/7.0/toolchain/avr32/avr32-gnu-toolchain/bin/../lib/gcc/avr32/4.4.7/../../../../avr32/lib/ucr2\libc.a(lib_a-sbrkr.o)
 .debug_abbrev  0x000014b6      0x19a c:/program files (x86)/atmel/studio/7.0/toolchain/avr32/avr32-gnu-toolchain/bin/../lib/gcc/avr32/4.4.7/../../../../avr32/lib/ucr2\libc.a(lib_a-syscalls.o)
 .debug_abbrev  0x00001650      0x150 c:/program files (x86)/atmel/studio/7.0/toolchain/avr32/avr32-gnu-toolchain/bin/../lib/gcc/avr32/4.4.7/../../../../avr32/lib/ucr2\libc.a(lib_a-errno.o)
 .debug_abbrev  0x000017a0      0x28c c:/program files (x86)/atmel/studio/7.0/toolchain/avr32/avr32-gnu-toolchain/bin/../lib/gcc/avr32/4.4.7/../../../../avr32/lib/ucr2\libc.a(lib_a-findfp.o)
 .debug_abbrev  0x00001a2c      0x1d9 c:/program files (x86)/atmel/studio/7.0/toolchain/avr32/avr32-gnu-toolchain/bin/../lib/gcc/avr32/4.4.7/../../../../avr32/lib/ucr2\libc.a(lib_a-freer.o)
 .debug_abbrev  0x00001c05      0x1e6 c:/program files (x86)/atmel/studio/7.0/toolchain/avr32/avr32-gnu-toolchain/bin/../lib/gcc/avr32/4.4.7/../../../../avr32/lib/ucr2\libc.a(lib_a-reent.o)

.debug_line     0x00000000     0x4058
 *(.debug_line)
 .debug_line    0x00000000      0x6c0 src/main.o
 .debug_line    0x000006c0      0x34b src/kernel/rosa_int.o
 .debug_line    0x00000a0b       0xc9 src/kernel/rosa_int_asm.o
 .debug_line    0x00000ad4      0x5b6 src/kernel/rosa_ker.o
 .debug_line    0x0000108a       0xab src/kernel/rosa_ker_asm.o
 .debug_line    0x00001135      0x35b src/kernel/rosa_scheduler.o
 .debug_line    0x00001490      0x33e src/kernel/rosa_tim.o
 .debug_line    0x000017ce       0xc9 ../src/drivers/button.o
 .debug_line    0x00001897       0xee ../src/drivers/gpio.o
 .debug_line    0x00001985       0x84 ../src/drivers/led.o
 .debug_line    0x00001a09      0x201 ../src/drivers/usart.o
 .debug_line    0x00001c0a      0x237 c:/program files (x86)/atmel/studio/7.0/toolchain/avr32/avr32-gnu-toolchain/bin/../lib/gcc/avr32/4.4.7/../../../../avr32/lib/ucr2\libc.a(lib_a-calloc.o)
 .debug_line    0x00001e41      0x1d3 c:/program files (x86)/atmel/studio/7.0/toolchain/avr32/avr32-gnu-toolchain/bin/../lib/gcc/avr32/4.4.7/../../../../avr32/lib/ucr2\libc.a(lib_a-callocr.o)
 .debug_line    0x00002014      0x1a8 c:/program files (x86)/atmel/studio/7.0/toolchain/avr32/avr32-gnu-toolchain/bin/../lib/gcc/avr32/4.4.7/../../../../avr32/lib/ucr2\libc.a(lib_a-impure.o)
 .debug_line    0x000021bc      0x571 c:/program files (x86)/atmel/studio/7.0/toolchain/avr32/avr32-gnu-toolchain/bin/../lib/gcc/avr32/4.4.7/../../../../avr32/lib/ucr2\libc.a(lib_a-mallocr.o)
 .debug_line    0x0000272d      0x1be c:/program files (x86)/atmel/studio/7.0/toolchain/avr32/avr32-gnu-toolchain/bin/../lib/gcc/avr32/4.4.7/../../../../avr32/lib/ucr2\libc.a(lib_a-memset.o)
 .debug_line    0x000028eb      0x1d4 c:/program files (x86)/atmel/studio/7.0/toolchain/avr32/avr32-gnu-toolchain/bin/../lib/gcc/avr32/4.4.7/../../../../avr32/lib/ucr2\libc.a(lib_a-mlock.o)
 .debug_line    0x00002abf      0x258 c:/program files (x86)/atmel/studio/7.0/toolchain/avr32/avr32-gnu-toolchain/bin/../lib/gcc/avr32/4.4.7/../../../../avr32/lib/ucr2\libc.a(lib_a-sbrkr.o)
 .debug_line    0x00002d17      0x58e c:/program files (x86)/atmel/studio/7.0/toolchain/avr32/avr32-gnu-toolchain/bin/../lib/gcc/avr32/4.4.7/../../../../avr32/lib/ucr2\libc.a(lib_a-syscalls.o)
 .debug_line    0x000032a5      0x1ce c:/program files (x86)/atmel/studio/7.0/toolchain/avr32/avr32-gnu-toolchain/bin/../lib/gcc/avr32/4.4.7/../../../../avr32/lib/ucr2\libc.a(lib_a-errno.o)
 .debug_line    0x00003473      0x5ad c:/program files (x86)/atmel/studio/7.0/toolchain/avr32/avr32-gnu-toolchain/bin/../lib/gcc/avr32/4.4.7/../../../../avr32/lib/ucr2\libc.a(lib_a-findfp.o)
 .debug_line    0x00003a20      0x34c c:/program files (x86)/atmel/studio/7.0/toolchain/avr32/avr32-gnu-toolchain/bin/../lib/gcc/avr32/4.4.7/../../../../avr32/lib/ucr2\libc.a(lib_a-freer.o)
 .debug_line    0x00003d6c      0x2ec c:/program files (x86)/atmel/studio/7.0/toolchain/avr32/avr32-gnu-toolchain/bin/../lib/gcc/avr32/4.4.7/../../../../avr32/lib/ucr2\libc.a(lib_a-reent.o)

.debug_frame    0x00000000     0x106c
 *(.debug_frame)
 .debug_frame   0x00000000      0x518 src/main.o
 .debug_frame   0x00000518       0x2c src/kernel/rosa_int.o
 .debug_frame   0x00000544      0x228 src/kernel/rosa_ker.o
 .debug_frame   0x0000076c       0x2c src/kernel/rosa_scheduler.o
 .debug_frame   0x00000798       0x48 src/kernel/rosa_tim.o
 .debug_frame   0x000007e0       0xf0 ../src/drivers/button.o
 .debug_frame   0x000008d0       0x9c ../src/drivers/gpio.o
 .debug_frame   0x0000096c       0x80 ../src/drivers/led.o
 .debug_frame   0x000009ec      0x10c ../src/drivers/usart.o
 .debug_frame   0x00000af8       0x28 c:/program files (x86)/atmel/studio/7.0/toolchain/avr32/avr32-gnu-toolchain/bin/../lib/gcc/avr32/4.4.7/../../../../avr32/lib/ucr2\libc.a(lib_a-calloc.o)
 .debug_frame   0x00000b20       0x34 c:/program files (x86)/atmel/studio/7.0/toolchain/avr32/avr32-gnu-toolchain/bin/../lib/gcc/avr32/4.4.7/../../../../avr32/lib/ucr2\libc.a(lib_a-callocr.o)
 .debug_frame   0x00000b54       0x40 c:/program files (x86)/atmel/studio/7.0/toolchain/avr32/avr32-gnu-toolchain/bin/../lib/gcc/avr32/4.4.7/../../../../avr32/lib/ucr2\libc.a(lib_a-mallocr.o)
 .debug_frame   0x00000b94       0x20 c:/program files (x86)/atmel/studio/7.0/toolchain/avr32/avr32-gnu-toolchain/bin/../lib/gcc/avr32/4.4.7/../../../../avr32/lib/ucr2\libc.a(lib_a-memset.o)
 .debug_frame   0x00000bb4       0x30 c:/program files (x86)/atmel/studio/7.0/toolchain/avr32/avr32-gnu-toolchain/bin/../lib/gcc/avr32/4.4.7/../../../../avr32/lib/ucr2\libc.a(lib_a-mlock.o)
 .debug_frame   0x00000be4       0x34 c:/program files (x86)/atmel/studio/7.0/toolchain/avr32/avr32-gnu-toolchain/bin/../lib/gcc/avr32/4.4.7/../../../../avr32/lib/ucr2\libc.a(lib_a-sbrkr.o)
 .debug_frame   0x00000c18      0x220 c:/program files (x86)/atmel/studio/7.0/toolchain/avr32/avr32-gnu-toolchain/bin/../lib/gcc/avr32/4.4.7/../../../../avr32/lib/ucr2\libc.a(lib_a-syscalls.o)
 .debug_frame   0x00000e38       0x20 c:/program files (x86)/atmel/studio/7.0/toolchain/avr32/avr32-gnu-toolchain/bin/../lib/gcc/avr32/4.4.7/../../../../avr32/lib/ucr2\libc.a(lib_a-errno.o)
 .debug_frame   0x00000e58      0x13c c:/program files (x86)/atmel/studio/7.0/toolchain/avr32/avr32-gnu-toolchain/bin/../lib/gcc/avr32/4.4.7/../../../../avr32/lib/ucr2\libc.a(lib_a-findfp.o)
 .debug_frame   0x00000f94       0x58 c:/program files (x86)/atmel/studio/7.0/toolchain/avr32/avr32-gnu-toolchain/bin/../lib/gcc/avr32/4.4.7/../../../../avr32/lib/ucr2\libc.a(lib_a-freer.o)
 .debug_frame   0x00000fec       0x80 c:/program files (x86)/atmel/studio/7.0/toolchain/avr32/avr32-gnu-toolchain/bin/../lib/gcc/avr32/4.4.7/../../../../avr32/lib/ucr2\libc.a(lib_a-reent.o)

.debug_str      0x00000000     0x2041
 *(.debug_str)
 .debug_str     0x00000000      0x654 src/main.o
                                0x6e0 (size before relaxing)
 .debug_str     0x00000654       0x38 src/kernel/rosa_int.o
                                0x144 (size before relaxing)
 .debug_str     0x0000068c      0x5df src/kernel/rosa_ker.o
                                0x892 (size before relaxing)
 .debug_str     0x00000c6b       0x29 src/kernel/rosa_scheduler.o
                                0x288 (size before relaxing)
 .debug_str     0x00000c94      0x241 src/kernel/rosa_tim.o
                                0x329 (size before relaxing)
 .debug_str     0x00000ed5       0xa7 ../src/drivers/button.o
                                 0xc6 (size before relaxing)
 .debug_str     0x00000f7c      0x16e ../src/drivers/gpio.o
                                0x1c0 (size before relaxing)
 .debug_str     0x000010ea       0x3c ../src/drivers/led.o
                                 0x7f (size before relaxing)
 .debug_str     0x00001126       0xd6 ../src/drivers/usart.o
                                0x6e9 (size before relaxing)
 .debug_str     0x000011fc      0x3c0 c:/program files (x86)/atmel/studio/7.0/toolchain/avr32/avr32-gnu-toolchain/bin/../lib/gcc/avr32/4.4.7/../../../../avr32/lib/ucr2\libc.a(lib_a-calloc.o)
                                0x4b8 (size before relaxing)
 .debug_str     0x000015bc       0xb3 c:/program files (x86)/atmel/studio/7.0/toolchain/avr32/avr32-gnu-toolchain/bin/../lib/gcc/avr32/4.4.7/../../../../avr32/lib/ucr2\libc.a(lib_a-callocr.o)
                                0x4ea (size before relaxing)
 .debug_str     0x0000166f       0xcb c:/program files (x86)/atmel/studio/7.0/toolchain/avr32/avr32-gnu-toolchain/bin/../lib/gcc/avr32/4.4.7/../../../../avr32/lib/ucr2\libc.a(lib_a-impure.o)
                                0x502 (size before relaxing)
 .debug_str     0x0000173a      0x1a7 c:/program files (x86)/atmel/studio/7.0/toolchain/avr32/avr32-gnu-toolchain/bin/../lib/gcc/avr32/4.4.7/../../../../avr32/lib/ucr2\libc.a(lib_a-mallocr.o)
                                0x699 (size before relaxing)
 .debug_str     0x000018e1       0x75 c:/program files (x86)/atmel/studio/7.0/toolchain/avr32/avr32-gnu-toolchain/bin/../lib/gcc/avr32/4.4.7/../../../../avr32/lib/ucr2\libc.a(lib_a-memset.o)
                                0x111 (size before relaxing)
 .debug_str     0x00001956       0xa0 c:/program files (x86)/atmel/studio/7.0/toolchain/avr32/avr32-gnu-toolchain/bin/../lib/gcc/avr32/4.4.7/../../../../avr32/lib/ucr2\libc.a(lib_a-mlock.o)
                                0x4cb (size before relaxing)
 .debug_str     0x000019f6       0x83 c:/program files (x86)/atmel/studio/7.0/toolchain/avr32/avr32-gnu-toolchain/bin/../lib/gcc/avr32/4.4.7/../../../../avr32/lib/ucr2\libc.a(lib_a-sbrkr.o)
                                0x4b4 (size before relaxing)
 .debug_str     0x00001a79      0x33d c:/program files (x86)/atmel/studio/7.0/toolchain/avr32/avr32-gnu-toolchain/bin/../lib/gcc/avr32/4.4.7/../../../../avr32/lib/ucr2\libc.a(lib_a-syscalls.o)
                                0x43d (size before relaxing)
 .debug_str     0x00001db6       0x74 c:/program files (x86)/atmel/studio/7.0/toolchain/avr32/avr32-gnu-toolchain/bin/../lib/gcc/avr32/4.4.7/../../../../avr32/lib/ucr2\libc.a(lib_a-errno.o)
                                0x4ab (size before relaxing)
 .debug_str     0x00001e2a      0x135 c:/program files (x86)/atmel/studio/7.0/toolchain/avr32/avr32-gnu-toolchain/bin/../lib/gcc/avr32/4.4.7/../../../../avr32/lib/ucr2\libc.a(lib_a-findfp.o)
                                0x5dc (size before relaxing)
 .debug_str     0x00001f5f       0x3c c:/program files (x86)/atmel/studio/7.0/toolchain/avr32/avr32-gnu-toolchain/bin/../lib/gcc/avr32/4.4.7/../../../../avr32/lib/ucr2\libc.a(lib_a-freer.o)
                                0x5eb (size before relaxing)
 .debug_str     0x00001f9b       0xa6 c:/program files (x86)/atmel/studio/7.0/toolchain/avr32/avr32-gnu-toolchain/bin/../lib/gcc/avr32/4.4.7/../../../../avr32/lib/ucr2\libc.a(lib_a-reent.o)
                                0x4e8 (size before relaxing)

.debug_loc      0x00000000     0x1f94
 *(.debug_loc)
 .debug_loc     0x00000000      0x7ba src/main.o
 .debug_loc     0x000007ba       0x2b src/kernel/rosa_int.o
 .debug_loc     0x000007e5      0x331 src/kernel/rosa_ker.o
 .debug_loc     0x00000b16       0x2b src/kernel/rosa_scheduler.o
 .debug_loc     0x00000b41       0x56 src/kernel/rosa_tim.o
 .debug_loc     0x00000b97      0x158 ../src/drivers/button.o
 .debug_loc     0x00000cef       0xd7 ../src/drivers/gpio.o
 .debug_loc     0x00000dc6       0xac ../src/drivers/led.o
 .debug_loc     0x00000e72      0x183 ../src/drivers/usart.o
 .debug_loc     0x00000ff5       0x45 c:/program files (x86)/atmel/studio/7.0/toolchain/avr32/avr32-gnu-toolchain/bin/../lib/gcc/avr32/4.4.7/../../../../avr32/lib/ucr2\libc.a(lib_a-calloc.o)
 .debug_loc     0x0000103a       0xbd c:/program files (x86)/atmel/studio/7.0/toolchain/avr32/avr32-gnu-toolchain/bin/../lib/gcc/avr32/4.4.7/../../../../avr32/lib/ucr2\libc.a(lib_a-callocr.o)
 .debug_loc     0x000010f7      0x59a c:/program files (x86)/atmel/studio/7.0/toolchain/avr32/avr32-gnu-toolchain/bin/../lib/gcc/avr32/4.4.7/../../../../avr32/lib/ucr2\libc.a(lib_a-mallocr.o)
 .debug_loc     0x00001691       0x63 c:/program files (x86)/atmel/studio/7.0/toolchain/avr32/avr32-gnu-toolchain/bin/../lib/gcc/avr32/4.4.7/../../../../avr32/lib/ucr2\libc.a(lib_a-sbrkr.o)
 .debug_loc     0x000016f4      0x268 c:/program files (x86)/atmel/studio/7.0/toolchain/avr32/avr32-gnu-toolchain/bin/../lib/gcc/avr32/4.4.7/../../../../avr32/lib/ucr2\libc.a(lib_a-syscalls.o)
 .debug_loc     0x0000195c      0x202 c:/program files (x86)/atmel/studio/7.0/toolchain/avr32/avr32-gnu-toolchain/bin/../lib/gcc/avr32/4.4.7/../../../../avr32/lib/ucr2\libc.a(lib_a-findfp.o)
 .debug_loc     0x00001b5e      0x32c c:/program files (x86)/atmel/studio/7.0/toolchain/avr32/avr32-gnu-toolchain/bin/../lib/gcc/avr32/4.4.7/../../../../avr32/lib/ucr2\libc.a(lib_a-freer.o)
 .debug_loc     0x00001e8a      0x10a c:/program files (x86)/atmel/studio/7.0/toolchain/avr32/avr32-gnu-toolchain/bin/../lib/gcc/avr32/4.4.7/../../../../avr32/lib/ucr2\libc.a(lib_a-reent.o)

.debug_macinfo  0x00000000   0x4530ab
 *(.debug_macinfo)
 .debug_macinfo
                0x00000000    0xdd899 src/main.o
 .debug_macinfo
                0x000dd899    0xdd519 src/kernel/rosa_int.o
 .debug_macinfo
                0x001badb2    0xdd9b4 src/kernel/rosa_ker.o
 .debug_macinfo
                0x00298766    0xdd51b src/kernel/rosa_scheduler.o
 .debug_macinfo
                0x00375c81    0xdd42a src/kernel/rosa_tim.o

.debug_weaknames
 *(.debug_weaknames)

.debug_funcnames
 *(.debug_funcnames)

.debug_typenames
 *(.debug_typenames)

.debug_varnames
 *(.debug_varnames)

.appstack       0x0000e000     0x1000
                0x0000e000                _appstack = .
 *(.appstack)
                0x00001000                . = __appstack_size__
 *fill*         0x0000e000     0x1000 
                0x0000f000                _eappstack = .

.stack          0x0000f000     0x1000
                0x0000f000                _stack = .
 *(.stack)
                0x00001000                . = __stack_size__
 *fill*         0x0000f000     0x1000 
                0x00010000                _estack = .

.userpage
 *(.userpage .userpage.*)

/DISCARD/
 *(.note.GNU-stack)
OUTPUT(ROSA.elf elf32-avr32)

.debug_ranges   0x00000000      0x620
 .debug_ranges  0x00000000      0x180 src/main.o
 .debug_ranges  0x00000180       0x18 src/kernel/rosa_int.o
 .debug_ranges  0x00000198       0xa8 src/kernel/rosa_ker.o
 .debug_ranges  0x00000240       0x18 src/kernel/rosa_scheduler.o
 .debug_ranges  0x00000258       0x20 src/kernel/rosa_tim.o
 .debug_ranges  0x00000278       0x50 ../src/drivers/button.o
 .debug_ranges  0x000002c8       0x38 ../src/drivers/gpio.o
 .debug_ranges  0x00000300       0x30 ../src/drivers/led.o
 .debug_ranges  0x00000330       0x58 ../src/drivers/usart.o
 .debug_ranges  0x00000388       0x18 c:/program files (x86)/atmel/studio/7.0/toolchain/avr32/avr32-gnu-toolchain/bin/../lib/gcc/avr32/4.4.7/../../../../avr32/lib/ucr2\libc.a(lib_a-calloc.o)
 .debug_ranges  0x000003a0       0x18 c:/program files (x86)/atmel/studio/7.0/toolchain/avr32/avr32-gnu-toolchain/bin/../lib/gcc/avr32/4.4.7/../../../../avr32/lib/ucr2\libc.a(lib_a-callocr.o)
 .debug_ranges  0x000003b8       0x18 c:/program files (x86)/atmel/studio/7.0/toolchain/avr32/avr32-gnu-toolchain/bin/../lib/gcc/avr32/4.4.7/../../../../avr32/lib/ucr2\libc.a(lib_a-mallocr.o)
 .debug_ranges  0x000003d0       0x18 c:/program files (x86)/atmel/studio/7.0/toolchain/avr32/avr32-gnu-toolchain/bin/../lib/gcc/avr32/4.4.7/../../../../avr32/lib/ucr2\libc.a(lib_a-memset.o)
 .debug_ranges  0x000003e8       0x20 c:/program files (x86)/atmel/studio/7.0/toolchain/avr32/avr32-gnu-toolchain/bin/../lib/gcc/avr32/4.4.7/../../../../avr32/lib/ucr2\libc.a(lib_a-mlock.o)
 .debug_ranges  0x00000408       0x18 c:/program files (x86)/atmel/studio/7.0/toolchain/avr32/avr32-gnu-toolchain/bin/../lib/gcc/avr32/4.4.7/../../../../avr32/lib/ucr2\libc.a(lib_a-sbrkr.o)
 .debug_ranges  0x00000420       0xf0 c:/program files (x86)/atmel/studio/7.0/toolchain/avr32/avr32-gnu-toolchain/bin/../lib/gcc/avr32/4.4.7/../../../../avr32/lib/ucr2\libc.a(lib_a-syscalls.o)
 .debug_ranges  0x00000510       0x18 c:/program files (x86)/atmel/studio/7.0/toolchain/avr32/avr32-gnu-toolchain/bin/../lib/gcc/avr32/4.4.7/../../../../avr32/lib/ucr2\libc.a(lib_a-errno.o)
 .debug_ranges  0x00000528       0xb0 c:/program files (x86)/atmel/studio/7.0/toolchain/avr32/avr32-gnu-toolchain/bin/../lib/gcc/avr32/4.4.7/../../../../avr32/lib/ucr2\libc.a(lib_a-findfp.o)
 .debug_ranges  0x000005d8       0x20 c:/program files (x86)/atmel/studio/7.0/toolchain/avr32/avr32-gnu-toolchain/bin/../lib/gcc/avr32/4.4.7/../../../../avr32/lib/ucr2\libc.a(lib_a-freer.o)
 .debug_ranges  0x000005f8       0x28 c:/program files (x86)/atmel/studio/7.0/toolchain/avr32/avr32-gnu-toolchain/bin/../lib/gcc/avr32/4.4.7/../../../../avr32/lib/ucr2\libc.a(lib_a-reent.o)
