Archive member included because of file (symbol)

c:/program files (x86)/atmel/studio/7.0/toolchain/avr32/avr32-gnu-toolchain/bin/../lib/gcc/avr32/4.4.7/../../../../avr32/lib/ucr2\libc.a(lib_a-abs.o)
                              src/kernel/semaphore.o (abs)
c:/program files (x86)/atmel/studio/7.0/toolchain/avr32/avr32-gnu-toolchain/bin/../lib/gcc/avr32/4.4.7/../../../../avr32/lib/ucr2\libc.a(lib_a-calloc.o)
                              src/kernel/semaphore.o (calloc)
c:/program files (x86)/atmel/studio/7.0/toolchain/avr32/avr32-gnu-toolchain/bin/../lib/gcc/avr32/4.4.7/../../../../avr32/lib/ucr2\libc.a(lib_a-callocr.o)
                              c:/program files (x86)/atmel/studio/7.0/toolchain/avr32/avr32-gnu-toolchain/bin/../lib/gcc/avr32/4.4.7/../../../../avr32/lib/ucr2\libc.a(lib_a-calloc.o) (_calloc_r)
c:/program files (x86)/atmel/studio/7.0/toolchain/avr32/avr32-gnu-toolchain/bin/../lib/gcc/avr32/4.4.7/../../../../avr32/lib/ucr2\libc.a(lib_a-impure.o)
                              c:/program files (x86)/atmel/studio/7.0/toolchain/avr32/avr32-gnu-toolchain/bin/../lib/gcc/avr32/4.4.7/../../../../avr32/lib/ucr2\libc.a(lib_a-calloc.o) (_impure_ptr)
c:/program files (x86)/atmel/studio/7.0/toolchain/avr32/avr32-gnu-toolchain/bin/../lib/gcc/avr32/4.4.7/../../../../avr32/lib/ucr2\libc.a(lib_a-malloc.o)
                              src/kernel/semaphore.o (free)
c:/program files (x86)/atmel/studio/7.0/toolchain/avr32/avr32-gnu-toolchain/bin/../lib/gcc/avr32/4.4.7/../../../../avr32/lib/ucr2\libc.a(lib_a-mallocr.o)
                              c:/program files (x86)/atmel/studio/7.0/toolchain/avr32/avr32-gnu-toolchain/bin/../lib/gcc/avr32/4.4.7/../../../../avr32/lib/ucr2\libc.a(lib_a-callocr.o) (_malloc_r)
c:/program files (x86)/atmel/studio/7.0/toolchain/avr32/avr32-gnu-toolchain/bin/../lib/gcc/avr32/4.4.7/../../../../avr32/lib/ucr2\libc.a(lib_a-memset.o)
                              src/kernel/rosa_ker.o (memset)
c:/program files (x86)/atmel/studio/7.0/toolchain/avr32/avr32-gnu-toolchain/bin/../lib/gcc/avr32/4.4.7/../../../../avr32/lib/ucr2\libc.a(lib_a-mlock.o)
                              c:/program files (x86)/atmel/studio/7.0/toolchain/avr32/avr32-gnu-toolchain/bin/../lib/gcc/avr32/4.4.7/../../../../avr32/lib/ucr2\libc.a(lib_a-mallocr.o) (__malloc_lock)
c:/program files (x86)/atmel/studio/7.0/toolchain/avr32/avr32-gnu-toolchain/bin/../lib/gcc/avr32/4.4.7/../../../../avr32/lib/ucr2\libc.a(lib_a-sbrkr.o)
                              c:/program files (x86)/atmel/studio/7.0/toolchain/avr32/avr32-gnu-toolchain/bin/../lib/gcc/avr32/4.4.7/../../../../avr32/lib/ucr2\libc.a(lib_a-mallocr.o) (_sbrk_r)
c:/program files (x86)/atmel/studio/7.0/toolchain/avr32/avr32-gnu-toolchain/bin/../lib/gcc/avr32/4.4.7/../../../../avr32/lib/ucr2\libc.a(lib_a-syscalls.o)
                              c:/program files (x86)/atmel/studio/7.0/toolchain/avr32/avr32-gnu-toolchain/bin/../lib/gcc/avr32/4.4.7/../../../../avr32/lib/ucr2\libc.a(lib_a-sbrkr.o) (_sbrk)
c:/program files (x86)/atmel/studio/7.0/toolchain/avr32/avr32-gnu-toolchain/bin/../lib/gcc/avr32/4.4.7/../../../../avr32/lib/ucr2\libc.a(lib_a-errno.o)
                              c:/program files (x86)/atmel/studio/7.0/toolchain/avr32/avr32-gnu-toolchain/bin/../lib/gcc/avr32/4.4.7/../../../../avr32/lib/ucr2\libc.a(lib_a-syscalls.o) (__errno)
c:/program files (x86)/atmel/studio/7.0/toolchain/avr32/avr32-gnu-toolchain/bin/../lib/gcc/avr32/4.4.7/../../../../avr32/lib/ucr2\libc.a(lib_a-findfp.o)
                              c:/program files (x86)/atmel/studio/7.0/toolchain/avr32/avr32-gnu-toolchain/bin/../lib/gcc/avr32/4.4.7/../../../../avr32/lib/ucr2\libc.a(lib_a-impure.o) (__sf_fake_stdin)
c:/program files (x86)/atmel/studio/7.0/toolchain/avr32/avr32-gnu-toolchain/bin/../lib/gcc/avr32/4.4.7/../../../../avr32/lib/ucr2\libc.a(lib_a-freer.o)
                              c:/program files (x86)/atmel/studio/7.0/toolchain/avr32/avr32-gnu-toolchain/bin/../lib/gcc/avr32/4.4.7/../../../../avr32/lib/ucr2\libc.a(lib_a-malloc.o) (_free_r)
c:/program files (x86)/atmel/studio/7.0/toolchain/avr32/avr32-gnu-toolchain/bin/../lib/gcc/avr32/4.4.7/../../../../avr32/lib/ucr2\libc.a(lib_a-fwalk.o)
                              c:/program files (x86)/atmel/studio/7.0/toolchain/avr32/avr32-gnu-toolchain/bin/../lib/gcc/avr32/4.4.7/../../../../avr32/lib/ucr2\libc.a(lib_a-findfp.o) (_fwalk)
c:/program files (x86)/atmel/studio/7.0/toolchain/avr32/avr32-gnu-toolchain/bin/../lib/gcc/avr32/4.4.7/../../../../avr32/lib/ucr2\libc.a(lib_a-reent.o)
                              c:/program files (x86)/atmel/studio/7.0/toolchain/avr32/avr32-gnu-toolchain/bin/../lib/gcc/avr32/4.4.7/../../../../avr32/lib/ucr2\libc.a(lib_a-sbrkr.o) (errno)
c:/program files (x86)/atmel/studio/7.0/toolchain/avr32/avr32-gnu-toolchain/bin/../lib/gcc/avr32/4.4.7/../../../../avr32/lib/ucr2\libc.a(lib_a-stdio.o)
[...]
Memory Configuration

Name             Origin             Length             Attributes
FLASH            0x80000000         0x00080000         axrl !w
INTRAM           0x00000004         0x0000fffc         axw !rl
USERPAGE         0x80800000         0x00000200
*default*        0x00000000         0xffffffff

Linker script and memory map

                0x00001000                _stack_size = 0x1000
LOAD src/kernel/semaphore.o
LOAD src/main.o
LOAD src/kernel/rosa_int.o
LOAD src/kernel/rosa_int_asm.o
LOAD src/kernel/rosa_ker.o
LOAD src/kernel/rosa_ker_asm.o
LOAD src/kernel/rosa_scheduler.o
LOAD src/kernel/rosa_tim.o
START GROUP
END GROUP
LOAD ../src/drivers/button.o
LOAD ../src/drivers/delay.o
LOAD ../src/drivers/gpio.o
LOAD ../src/drivers/led.o
LOAD ../src/drivers/pot.o
LOAD ../src/drivers/usart.o
LOAD ../src/kernel/rosa_tim_asm.o
LOAD ../src/cpu/startup/crt0.o
LOAD c:/program files (x86)/atmel/studio/7.0/toolchain/avr32/avr32-gnu-toolchain/bin/../lib/gcc/avr32/4.4.7/ucr2\libgcc.a
LOAD c:/program files (x86)/atmel/studio/7.0/toolchain/avr32/avr32-gnu-toolchain/bin/../lib/gcc/avr32/4.4.7/../../../../avr32/lib/ucr2\libc.a
LOAD c:/program files (x86)/atmel/studio/7.0/toolchain/avr32/avr32-gnu-toolchain/bin/../lib/gcc/avr32/4.4.7/ucr2\libgcc.a
                0xffffffff                __max_heap_size__ = 0xffffffff
                [0xffffffff]                __heap_size__ = DEFINED (__heap_size__)?__heap_size__:__max_heap_size__
                [0x00001000]                __stack_size__ = DEFINED (__stack_size__)?__stack_size__:0x1000
                [0x00001000]                __appstack_size__ = DEFINED (__appstack_size__)?__appstack_size__:0x1000
                0x80000000                PROVIDE (__executable_start, 0x80000000)
                0x80000000                . = 0x80000000

.interp
 *(.interp)

.reset          0x80000000        0x8
 *(.reset)
 .reset         0x80000000        0x8 ../src/cpu/startup/crt0.o
                0x80000000                _start

.hash
 *(.hash)

.dynsym
 *(.dynsym)

.dynstr
 *(.dynstr)

.gnu.version
 *(.gnu.version)

.gnu.version_d
 *(.gnu.version_d)

.gnu.version_r
 *(.gnu.version_r)

.rel.init
 *(.rel.init)

.rela.init
 *(.rela.init)

.rel.text
 *(.rel.text .rel.text.* .rel.gnu.linkonce.t.*)

.rela.text
 *(.rela.text .rela.text.* .rela.gnu.linkonce.t.*)

.rel.fini
 *(.rel.fini)

.rela.fini
 *(.rela.fini)

.rel.rodata
 *(.rel.rodata .rel.rodata.* .rel.gnu.linkonce.r.*)

.rela.rodata
 *(.rela.rodata .rela.rodata.* .rela.gnu.linkonce.r.*)

.rel.data.rel.ro
 *(.rel.data.rel.ro*)

.rela.data.rel.ro
 *(.rel.data.rel.ro*)

.rel.data
 *(.rel.data .rel.data.* .rel.gnu.linkonce.d.*)

.rela.data
 *(.rela.data .rela.data.* .rela.gnu.linkonce.d.*)

.rel.tdata
 *(.rel.tdata .rel.tdata.* .rel.gnu.linkonce.td.*)

.rela.tdata
 *(.rela.tdata .rela.tdata.* .rela.gnu.linkonce.td.*)

.rel.tbss
 *(.rel.tbss .rel.tbss.* .rel.gnu.linkonce.tb.*)

.rela.tbss
 *(.rela.tbss .rela.tbss.* .rela.gnu.linkonce.tb.*)

.rel.ctors
 *(.rel.ctors)

.rela.ctors
 *(.rela.ctors)

.rel.dtors
 *(.rel.dtors)

.rela.dtors
 *(.rela.dtors)

.rel.got
 *(.rel.got)

.rela.got       0x80000008        0x0
 *(.rela.got)
 .rela.got      0x80000008        0x0 c:/program files (x86)/atmel/studio/7.0/toolchain/avr32/avr32-gnu-toolchain/bin/../lib/gcc/avr32/4.4.7/../../../../avr32/lib/ucr2\libc.a(lib_a-impure.o)

.rel.bss
 *(.rel.bss .rel.bss.* .rel.gnu.linkonce.b.*)

.rela.bss
 *(.rela.bss .rela.bss.* .rela.gnu.linkonce.b.*)

.rel.plt
 *(.rel.plt)

.rela.plt
 *(.rela.plt)

.init
 *(.init)

.plt
 *(.plt)

.text           0x80000008     0x2cf8
 *(.text .stub .text.* .gnu.linkonce.t.*)
 .text.semaphore_insert_after
                0x80000008       0x42 src/kernel/semaphore.o
                0x80000008                semaphore_insert_after
 *fill*         0x8000004a        0x2 d703d703
 .text.semaphoreAdd
                0x8000004c       0x68 src/kernel/semaphore.o
                0x8000004c                semaphoreAdd
 .text.ROSA_semaphoreCreate
                0x800000b4       0x6c src/kernel/semaphore.o
                0x800000b4                ROSA_semaphoreCreate
 .text.semaphoreSetCurrentTask
                0x80000120       0x5e src/kernel/semaphore.o
                0x80000120                semaphoreSetCurrentTask
 .text.semaphoreUnsetCurrentTask
                0x8000017e       0x36 src/kernel/semaphore.o
                0x8000017e                semaphoreUnsetCurrentTask
 .text.semaphoreBlockTask
                0x800001b4       0x80 src/kernel/semaphore.o
                0x800001b4                semaphoreBlockTask
 .text.semaphoreUnblockTask
                0x80000234       0x70 src/kernel/semaphore.o
                0x80000234                semaphoreUnblockTask
 .text.ROSA_semaphoreLock
                0x800002a4       0xc0 src/kernel/semaphore.o
                0x800002a4                ROSA_semaphoreLock
 .text.ROSA_semaphoreUnlock
                0x80000364       0xb4 src/kernel/semaphore.o
                0x80000364                ROSA_semaphoreUnlock
 .text.semaphoreEvictCurrentTask
                0x80000418       0x80 src/kernel/semaphore.o
                0x80000418                semaphoreEvictCurrentTask
 .text          0x80000498       0x64 src/main.o
 .text.toggle_1
                0x800004fc       0x1c src/main.o
                0x800004fc                toggle_1
 .text.toggle_2
                0x80000518       0x1c src/main.o
                0x80000518                toggle_2
 .text.toggle_3
                0x80000534       0x1c src/main.o
                0x80000534                toggle_3
 .text.toggle_4
                0x80000550       0x1c src/main.o
                0x80000550                toggle_4
 .text.toggle_5
                0x8000056c       0x1c src/main.o
                0x8000056c                toggle_5
 .text.toggle_6
                0x80000588       0x1c src/main.o
                0x80000588                toggle_6
 .text.toggle_7
                0x800005a4       0x1c src/main.o
                0x800005a4                toggle_7
 .text.toggle_8
                0x800005c0       0x1c src/main.o
                0x800005c0                toggle_8
 .text.toggle_9
                0x800005dc       0x1c src/main.o
                0x800005dc                toggle_9
 .text.toggle_10
                0x800005f8       0x1c src/main.o
                0x800005f8                toggle_10
 .text.toggle_11
                0x80000614       0x1c src/main.o
                0x80000614                toggle_11
 .text.toggle_12
                0x80000630       0x1c src/main.o
                0x80000630                toggle_12
 .text.toggle_13
                0x8000064c       0x1c src/main.o
                0x8000064c                toggle_13
 .text.toggle_14
                0x80000668       0x1c src/main.o
                0x80000668                toggle_14
 .text.toggle_15
                0x80000684       0x1c src/main.o
                0x80000684                toggle_15
 .text.toggle_16
                0x800006a0       0x1c src/main.o
                0x800006a0                toggle_16
 .text.toggle_17
                0x800006bc       0x1c src/main.o
                0x800006bc                toggle_17
 .text.toggle_18
                0x800006d8       0x1c src/main.o
                0x800006d8                toggle_18
 .text.toggle_19
                0x800006f4       0x1c src/main.o
                0x800006f4                toggle_19
 .text.toggle_20
                0x80000710       0x1c src/main.o
                0x80000710                toggle_20
 .text.toggle_21
                0x8000072c       0x1c src/main.o
                0x8000072c                toggle_21
 .text.toggle_22
                0x80000748       0x1c src/main.o
                0x80000748                toggle_22
 .text.toggle_23
                0x80000764       0x1c src/main.o
                0x80000764                toggle_23
 .text.toggle_24
                0x80000780       0x1c src/main.o
                0x80000780                toggle_24
 .text.toggle_25
                0x8000079c       0x1c src/main.o
                0x8000079c                toggle_25
 .text.toggle_26
                0x800007b8       0x1c src/main.o
                0x800007b8                toggle_26
 .text.toggle_27
                0x800007d4       0x1c src/main.o
                0x800007d4                toggle_27
 .text.toggle_28
                0x800007f0       0x1c src/main.o
                0x800007f0                toggle_28
 .text.toggle_29
                0x8000080c       0x1c src/main.o
                0x8000080c                toggle_29
 .text.toggle_30
                0x80000828       0x1c src/main.o
                0x80000828                toggle_30
 .text.toggle_31
                0x80000844       0x1c src/main.o
                0x80000844                toggle_31
 .text.toggle_32
                0x80000860       0x1c src/main.o
                0x80000860                toggle_32
 .text.hog_semaphores_task
                0x8000087c       0x9c src/main.o
                0x8000087c                hog_semaphores_task
 .text.task1    0x80000918       0x58 src/main.o
                0x80000918                task1
 .text.task2    0x80000970       0x64 src/main.o
                0x80000970                task2
 .text.task3    0x800009d4       0x64 src/main.o
                0x800009d4                task3
 .text.task4    0x80000a38       0x64 src/main.o
                0x80000a38                task4
 .text.arbiter_task
                0x80000a9c       0x40 src/main.o
                0x80000a9c                arbiter_task
 .text.semaphores_task
                0x80000adc       0xb8 src/main.o
                0x80000adc                semaphores_task
 .text.led3_task
                0x80000b94       0x20 src/main.o
                0x80000b94                led3_task
 .text.led5_task
                0x80000bb4       0x20 src/main.o
                0x80000bb4                led5_task
 .text.led7_task
                0x80000bd4       0x20 src/main.o
                0x80000bd4                led7_task
 .text.main     0x80000bf4      0x514 src/main.o
                0x80000bf4                main
 .text.ROSA_yieldFromISR
                0x80001108       0x48 src/kernel/rosa_int.o
                0x80001108                ROSA_yieldFromISR
 .text          0x80001150       0x14 src/kernel/rosa_ker.o
 .text.ROSA_init
                0x80001164       0xc8 src/kernel/rosa_ker.o
                0x80001164                ROSA_init
 .text.ROSA_getTickCount
                0x8000122c       0x18 src/kernel/rosa_ker.o
                0x8000122c                ROSA_getTickCount
 .text.insert_after
                0x80001244       0x6a src/kernel/rosa_ker.o
                0x80001244                insert_after
 *fill*         0x800012ae        0x2 d703d703
 .text.taskInstall
                0x800012b0      0x10c src/kernel/rosa_ker.o
                0x800012b0                taskInstall
 .text.ROSA_taskCreate
                0x800013bc      0x120 src/kernel/rosa_ker.o
                0x800013bc                ROSA_taskCreate
 .text.taskSuspend
                0x800014dc      0x120 src/kernel/rosa_ker.o
                0x800014dc                taskSuspend
 .text.taskUninstall
                0x800015fc       0x74 src/kernel/rosa_ker.o
                0x800015fc                taskUninstall
 .text.taskUnsuspend
                0x80001670       0x98 src/kernel/rosa_ker.o
                0x80001670                taskUnsuspend
 .text.remove   0x80001708       0x68 src/kernel/rosa_ker.o
                0x80001708                remove
 .text.ROSA_delay
                0x80001770       0x7c src/kernel/rosa_ker.o
                0x80001770                ROSA_delay
 .text.ROSA_delayUntil
                0x800017ec       0xb4 src/kernel/rosa_ker.o
                0x800017ec                ROSA_delayUntil
 .text.idle     0x800018a0        0x8 src/kernel/rosa_ker.o
                0x800018a0                idle
 .text.ROSA_taskDelete
                0x800018a8       0x50 src/kernel/rosa_ker.o
                0x800018a8                ROSA_taskDelete
 .text.ROSA_taskDelete_noncritical
                0x800018f8      0x110 src/kernel/rosa_ker.o
                0x800018f8                ROSA_taskDelete_noncritical
 .text.remove_from_all
                0x80001a08      0x104 src/kernel/rosa_ker.o
                0x80001a08                remove_from_all
 .text          0x80001b0c       0xe0 src/kernel/rosa_ker_asm.o
                0x80001b0c                ROSA_start
                0x80001b42                contextInit
                0x80001bce                ROSA_yield
 .text.scheduler
                0x80001bec       0xd0 src/kernel/rosa_scheduler.o
                0x80001bec                scheduler
 .text          0x80001cbc       0x10 src/kernel/rosa_tim.o
 .text.timerISR
                0x80001ccc       0x34 src/kernel/rosa_tim.o
                0x80001ccc                timerISR
 .text.timerPeriodSet
                0x80001d00       0xa8 src/kernel/rosa_tim.o
                0x80001d00                timerPeriodSet
 .text.buttonInit
                0x80001da8       0x28 ../src/drivers/button.o
                0x80001da8                buttonInit
 .text.isButton
                0x80001dd0       0x28 ../src/drivers/button.o
                0x80001dd0                isButton
 .text.joystickInit
                0x80001df8       0x38 ../src/drivers/button.o
                0x80001df8                joystickInit
 .text.delay_ms
                0x80001e30       0x34 ../src/drivers/delay.o
                0x80001e30                delay_ms
 .text.gpioInit
                0x80001e64       0xa8 ../src/drivers/gpio.o
                0x80001e64                gpioInit
 .text.gpioClear
                0x80001f0c       0x50 ../src/drivers/gpio.o
                0x80001f0c                gpioClear
 .text.gpioSet  0x80001f5c       0x50 ../src/drivers/gpio.o
                0x80001f5c                gpioSet
 .text.gpioToggle
                0x80001fac       0x50 ../src/drivers/gpio.o
                0x80001fac                gpioToggle
 .text.gpioGet  0x80001ffc       0x54 ../src/drivers/gpio.o
                0x80001ffc                gpioGet
 .text.ledInit  0x80002050       0x8c ../src/drivers/led.o
                0x80002050                ledInit
 .text.ledOn    0x800020dc       0x20 ../src/drivers/led.o
                0x800020dc                ledOn
 .text.ledOff   0x800020fc       0x20 ../src/drivers/led.o
                0x800020fc                ledOff
 .text.ledToggle
                0x8000211c       0x20 ../src/drivers/led.o
                0x8000211c                ledToggle
 .text          0x8000213c       0x48 ../src/drivers/pot.o
                0x8000213c                potInit
                0x8000216a                potGetValue
 .text.usartReset
                0x80002184       0x70 ../src/drivers/usart.o
                0x80002184                usartReset
 .text.usartSetBaudrate
                0x800021f4       0xfc ../src/drivers/usart.o
                0x800021f4                usartSetBaudrate
 .text.usartInit
                0x800022f0      0x124 ../src/drivers/usart.o
                0x800022f0                usartInit
 .text          0x80002414       0xb8 ../src/kernel/rosa_tim_asm.o
                0x80002414                timerInit
                0x80002442                timerStart
                0x80002442                timerReset
                0x80002460                timerStop
                0x80002472                timerRCSet
                0x80002488                timerPrescaleSet
                0x800024a8                timerClearInterrupt
 .text._stext   0x800024cc       0x80 ../src/cpu/startup/crt0.o
                0x800024cc                _stext
 .text.abs      0x8000254c        0x4 c:/program files (x86)/atmel/studio/7.0/toolchain/avr32/avr32-gnu-toolchain/bin/../lib/gcc/avr32/4.4.7/../../../../avr32/lib/ucr2\libc.a(lib_a-abs.o)
                0x8000254c                abs
 .text.calloc   0x80002550       0x18 c:/program files (x86)/atmel/studio/7.0/toolchain/avr32/avr32-gnu-toolchain/bin/../lib/gcc/avr32/4.4.7/../../../../avr32/lib/ucr2\libc.a(lib_a-calloc.o)
                0x80002550                calloc
 .text._calloc_r
                0x80002568       0x60 c:/program files (x86)/atmel/studio/7.0/toolchain/avr32/avr32-gnu-toolchain/bin/../lib/gcc/avr32/4.4.7/../../../../avr32/lib/ucr2\libc.a(lib_a-callocr.o)
                0x80002568                _calloc_r
 .text.free     0x800025c8       0x18 c:/program files (x86)/atmel/studio/7.0/toolchain/avr32/avr32-gnu-toolchain/bin/../lib/gcc/avr32/4.4.7/../../../../avr32/lib/ucr2\libc.a(lib_a-malloc.o)
                0x800025c8                free
 .text._malloc_r
                0x800025e0      0x450 c:/program files (x86)/atmel/studio/7.0/toolchain/avr32/avr32-gnu-toolchain/bin/../lib/gcc/avr32/4.4.7/../../../../avr32/lib/ucr2\libc.a(lib_a-mallocr.o)
                0x800025e0                _malloc_r
 .text.memset   0x80002a30        0xe c:/program files (x86)/atmel/studio/7.0/toolchain/avr32/avr32-gnu-toolchain/bin/../lib/gcc/avr32/4.4.7/../../../../avr32/lib/ucr2\libc.a(lib_a-memset.o)
                0x80002a30                memset
 .text.__malloc_lock
                0x80002a3e        0x2 c:/program files (x86)/atmel/studio/7.0/toolchain/avr32/avr32-gnu-toolchain/bin/../lib/gcc/avr32/4.4.7/../../../../avr32/lib/ucr2\libc.a(lib_a-mlock.o)
                0x80002a3e                __malloc_lock
 .text.__malloc_unlock
                0x80002a40        0x2 c:/program files (x86)/atmel/studio/7.0/toolchain/avr32/avr32-gnu-toolchain/bin/../lib/gcc/avr32/4.4.7/../../../../avr32/lib/ucr2\libc.a(lib_a-mlock.o)
                0x80002a40                __malloc_unlock
 *fill*         0x80002a42        0x2 d703d703
 .text._sbrk_r  0x80002a44       0x28 c:/program files (x86)/atmel/studio/7.0/toolchain/avr32/avr32-gnu-toolchain/bin/../lib/gcc/avr32/4.4.7/../../../../avr32/lib/ucr2\libc.a(lib_a-sbrkr.o)
                0x80002a44                _sbrk_r
 .text._sbrk    0x80002a6c       0x40 c:/program files (x86)/atmel/studio/7.0/toolchain/avr32/avr32-gnu-toolchain/bin/../lib/gcc/avr32/4.4.7/../../../../avr32/lib/ucr2\libc.a(lib_a-syscalls.o)
                0x80002a6c                _sbrk
 .text.__errno  0x80002aac        0xc c:/program files (x86)/atmel/studio/7.0/toolchain/avr32/avr32-gnu-toolchain/bin/../lib/gcc/avr32/4.4.7/../../../../avr32/lib/ucr2\libc.a(lib_a-errno.o)
                0x80002aac                __errno
 .text._malloc_trim_r
                0x80002ab8       0xa8 c:/program files (x86)/atmel/studio/7.0/toolchain/avr32/avr32-gnu-toolchain/bin/../lib/gcc/avr32/4.4.7/../../../../avr32/lib/ucr2\libc.a(lib_a-freer.o)
                0x80002ab8                _malloc_trim_r
 .text._free_r  0x80002b60      0x1a0 c:/program files (x86)/atmel/studio/7.0/toolchain/avr32/avr32-gnu-toolchain/bin/../lib/gcc/avr32/4.4.7/../../../../avr32/lib/ucr2\libc.a(lib_a-freer.o)
                0x80002b60                _free_r
 *(.text.*personality*)
 *(.gnu.warning)

.exception      0x80002e00      0x400
 .exception     0x80002e00      0x400 src/kernel/rosa_int_asm.o
                0x80002e00                _evba
                0x80002f48                interruptInit
                0x80002f66                interruptDisable
                0x80002f6a                interruptEnable
                0x80002f6e                isInterruptEnabled
                0x80002f7e                contextSaveFromISR
                0x80002fb8                contextRestoreFromISR

.fini
 *(.fini)
                0x80003200                PROVIDE (__etext, .)
                0x80003200                PROVIDE (_etext, .)
                0x80003200                PROVIDE (etext, .)

.rodata         0x80003200       0x84
 *(.rodata .rodata.* .gnu.linkonce.r.*)
 .rodata.C.0.9379
                0x80003200       0x20 ../src/drivers/led.o
 .rodata.str1.4
                0x80003220        0x4 c:/program files (x86)/atmel/studio/7.0/toolchain/avr32/avr32-gnu-toolchain/bin/../lib/gcc/avr32/4.4.7/../../../../avr32/lib/ucr2\libc.a(lib_a-impure.o)
 .rodata.__sf_fake_stdin
                0x80003224       0x20 c:/program files (x86)/atmel/studio/7.0/toolchain/avr32/avr32-gnu-toolchain/bin/../lib/gcc/avr32/4.4.7/../../../../avr32/lib/ucr2\libc.a(lib_a-findfp.o)
                0x80003224                __sf_fake_stdin
 .rodata.__sf_fake_stdout
                0x80003244       0x20 c:/program files (x86)/atmel/studio/7.0/toolchain/avr32/avr32-gnu-toolchain/bin/../lib/gcc/avr32/4.4.7/../../../../avr32/lib/ucr2\libc.a(lib_a-findfp.o)
                0x80003244                __sf_fake_stdout
 .rodata.__sf_fake_stderr
                0x80003264       0x20 c:/program files (x86)/atmel/studio/7.0/toolchain/avr32/avr32-gnu-toolchain/bin/../lib/gcc/avr32/4.4.7/../../../../avr32/lib/ucr2\libc.a(lib_a-findfp.o)
                0x80003264                __sf_fake_stderr

.rodata1
 *(.rodata1)

.eh_frame_hdr
 *(.eh_frame_hdr)

.eh_frame
 *(.eh_frame)

.gcc_except_table
 *(.gcc_except_table)
 *(.gcc_except_table.*)

.lalign         0x80003284        0x4
                0x80003288                . = ALIGN (0x8)
 *fill*         0x80003284        0x4 
                0x80003288                PROVIDE (_data_lma, .)
                0x00000004                . = ORIGIN (INTRAM)

.dalign         0x00000004        0x4
                0x00000008                . = ALIGN (0x8)
 *fill*         0x00000004        0x4 
                0x00000008                PROVIDE (_data, .)

.eh_frame
 *(.eh_frame)

.gcc_except_table
 *(.gcc_except_table)
 *(.gcc_except_table.*)

.tdata
 *(.tdata .tdata.* .gnu.linkonce.td.*)

.tbss
 *(.tbss .tbss.* .gnu.linkonce.tb.*)
 *(.tcommon)
                0x00000008                PROVIDE (__preinit_array_start, ALIGN (0x4))

.preinit_array
 *(.preinit_array)
                0x00000008                PROVIDE (__preinit_array_end, .)
                0x00000008                PROVIDE (__init_array_start, .)

.init_array
 *(.init_array)
                0x00000008                PROVIDE (__init_array_end, .)
                0x00000008                PROVIDE (__fini_array_start, .)

.fini_array
 *(.fini_array)
                0x00000008                PROVIDE (__fini_array_end, .)

.ctors
 *crtbegin*.o(.ctors)
 *(EXCLUDE_FILE(*crtend*.o) .ctors)
 *(SORT(.ctors.*))
 *(.ctors)

.dtors
 *crtbegin*.o(.dtors)
 *(EXCLUDE_FILE(*crtend*.o) .dtors)
 *(SORT(.dtors.*))
 *(.dtors)

.jcr
 *(.jcr)

.data.rel.ro
 *(.data.rel.ro.local)
 *(.data.rel.ro*)

.dynamic
 *(.dynamic)

.got
 *(.got.plt)
 *(.got)

.ramtext
 *(.ramtext .ramtext.*)

.ddalign        0x00000008        0x0 load address 0x80003288
                0x00000008                . = ALIGN (0x8)

.data           0x00000008      0x50c load address 0x80003288
 *(.data .data.* .gnu.linkonce.d.*)
 .data          0x00000008        0x8 ../src/kernel/rosa_tim_asm.o
                0x00000008                timerRC
                0x0000000c                timerPrescale
 .data.impure_data
                0x00000010       0xf0 c:/program files (x86)/atmel/studio/7.0/toolchain/avr32/avr32-gnu-toolchain/bin/../lib/gcc/avr32/4.4.7/../../../../avr32/lib/ucr2\libc.a(lib_a-impure.o)
 .data._impure_ptr
                0x00000100        0x4 c:/program files (x86)/atmel/studio/7.0/toolchain/avr32/avr32-gnu-toolchain/bin/../lib/gcc/avr32/4.4.7/../../../../avr32/lib/ucr2\libc.a(lib_a-impure.o)
                0x00000100                _impure_ptr
 .data.__malloc_av_
                0x00000104      0x408 c:/program files (x86)/atmel/studio/7.0/toolchain/avr32/avr32-gnu-toolchain/bin/../lib/gcc/avr32/4.4.7/../../../../avr32/lib/ucr2\libc.a(lib_a-mallocr.o)
                0x00000104                __malloc_av_
 .data.__malloc_trim_threshold
                0x0000050c        0x4 c:/program files (x86)/atmel/studio/7.0/toolchain/avr32/avr32-gnu-toolchain/bin/../lib/gcc/avr32/4.4.7/../../../../avr32/lib/ucr2\libc.a(lib_a-mallocr.o)
                0x0000050c                __malloc_trim_threshold
 .data.__malloc_sbrk_base
                0x00000510        0x4 c:/program files (x86)/atmel/studio/7.0/toolchain/avr32/avr32-gnu-toolchain/bin/../lib/gcc/avr32/4.4.7/../../../../avr32/lib/ucr2\libc.a(lib_a-mallocr.o)
                0x00000510                __malloc_sbrk_base
 *(.gnu.linkonce.d.*personality*)

.data1
 *(.data1)

.balign         0x00000514        0x4 load address 0x80003794
                0x00000518                . = ALIGN (0x8)
 *fill*         0x00000514        0x4 
                0x00000518                PROVIDE (_edata, .)
                0x00000518                PROVIDE (edata, .)
                0x00000518                __bss_start = .

.bss            0x00000518      0x128
 *(.dynbss)
 *(.bss .bss.* .gnu.linkonce.b.*)
 .bss           0x00000518       0x28 src/main.o
                0x00000518                light1_handle
                0x0000051c                light2_handle
                0x00000520                S1
                0x00000524                S2
                0x00000528                S3
                0x0000052c                S4
                0x00000530                semaphores_task_handle
                0x00000534                led3_task_handle
                0x00000538                led5_task_handle
                0x0000053c                led7_task_handle
 .bss.__malloc_max_total_mem
                0x00000540        0x4 c:/program files (x86)/atmel/studio/7.0/toolchain/avr32/avr32-gnu-toolchain/bin/../lib/gcc/avr32/4.4.7/../../../../avr32/lib/ucr2\libc.a(lib_a-mallocr.o)
                0x00000540                __malloc_max_total_mem
 .bss.__malloc_max_sbrked_mem
                0x00000544        0x4 c:/program files (x86)/atmel/studio/7.0/toolchain/avr32/avr32-gnu-toolchain/bin/../lib/gcc/avr32/4.4.7/../../../../avr32/lib/ucr2\libc.a(lib_a-mallocr.o)
                0x00000544                __malloc_max_sbrked_mem
 .bss.__malloc_top_pad
                0x00000548        0x4 c:/program files (x86)/atmel/studio/7.0/toolchain/avr32/avr32-gnu-toolchain/bin/../lib/gcc/avr32/4.4.7/../../../../avr32/lib/ucr2\libc.a(lib_a-mallocr.o)
                0x00000548                __malloc_top_pad
 .bss.__malloc_current_mallinfo
                0x0000054c       0x28 c:/program files (x86)/atmel/studio/7.0/toolchain/avr32/avr32-gnu-toolchain/bin/../lib/gcc/avr32/4.4.7/../../../../avr32/lib/ucr2\libc.a(lib_a-mallocr.o)
                0x0000054c                __malloc_current_mallinfo
 .bss.cur_heap_pos.1869
                0x00000574        0x4 c:/program files (x86)/atmel/studio/7.0/toolchain/avr32/avr32-gnu-toolchain/bin/../lib/gcc/avr32/4.4.7/../../../../avr32/lib/ucr2\libc.a(lib_a-syscalls.o)
 *(COMMON)
 COMMON         0x00000578       0x98 src/main.o
                0x00000578                task_handle_6
                0x0000057c                task_handle_17
                0x00000580                task_handle_4
                0x00000584                hog_semaphores_task_handle
                0x00000588                task_handle_13
                0x0000058c                task_handle_3
                0x00000590                task_handle_9
                0x00000594                task_handle_11
                0x00000598                task_handle_2
                0x0000059c                task1_handle
                0x000005a0                task_handle_30
                0x000005a4                task_handle_21
                0x000005a8                task_handle_8
                0x000005ac                task_handle_14
                0x000005b0                task_handle_24
                0x000005b4                task_handle_1
                0x000005b8                task_handle_20
                0x000005bc                task_handle_19
                0x000005c0                task2_handle
                0x000005c4                task_handle_27
                0x000005c8                task_handle_12
                0x000005cc                arbiter_task_handle
                0x000005d0                task_handle_5
                0x000005d4                task_handle_7
                0x000005d8                task_handle_22
                0x000005dc                task_handle_25
                0x000005e0                task_handle_29
                0x000005e4                task_handle_32
                0x000005e8                task_handle_15
                0x000005ec                task_handle_16
                0x000005f0                task_handle_23
                0x000005f4                task_handle_18
                0x000005f8                task_handle_10
                0x000005fc                task_handle_28
                0x00000600                task_handle_31
                0x00000604                task3_handle
                0x00000608                task4_handle
                0x0000060c                task_handle_26
 COMMON         0x00000610       0x24 src/kernel/rosa_ker.o
                0x00000610                IDLETASK
                0x00000614                TCBLIST
                0x00000618                SUSPENDEDLIST
                0x0000061c                SEMAPHORES
                0x00000620                EXECTASK
                0x00000624                round_robin_ticks
                0x0000062c                system_ticks
 COMMON         0x00000634        0x4 src/kernel/rosa_scheduler.o
                0x00000634                iterator
 COMMON         0x00000638        0x4 c:/program files (x86)/atmel/studio/7.0/toolchain/avr32/avr32-gnu-toolchain/bin/../lib/gcc/avr32/4.4.7/../../../../avr32/lib/ucr2\libc.a(lib_a-reent.o)
                0x00000638                errno
                0x00000640                . = ALIGN (0x8)
 *fill*         0x0000063c        0x4 
                0x00000640                . = ALIGN (0x8)
                0x00000640                _end = .
                0x00000640                PROVIDE (end, .)
                0x00000640                __heap_start__ = ALIGN (0x8)

.heap           0x00000640     0xd9c0
 *(.heap)
                0x0000d9c0                . = (__heap_size__ == __max_heap_size__)?((((ORIGIN (INTRAM) + 0xfffc) - __stack_size__) - __appstack_size__) - ABSOLUTE (.)):__heap_size__
 *fill*         0x00000640     0xd9c0 
                0x0000e000                __heap_end__ = .

.stab
 *(.stab)

.stabstr
 *(.stabstr)

.stab.excl
 *(.stab.excl)

.stab.exclstr
 *(.stab.exclstr)

.stab.index
 *(.stab.index)

.stab.indexstr
 *(.stab.indexstr)

.comment        0x00000000       0xbc
 *(.comment)
 .comment       0x00000000       0x30 src/kernel/semaphore.o
                                 0x31 (size before relaxing)
 .comment       0x00000000       0x31 src/main.o
 .comment       0x00000000       0x31 src/kernel/rosa_int.o
 .comment       0x00000000       0x31 src/kernel/rosa_ker.o
 .comment       0x00000000       0x31 src/kernel/rosa_scheduler.o
 .comment       0x00000000       0x31 src/kernel/rosa_tim.o
 .comment       0x00000030       0x1c ../src/drivers/button.o
 .comment       0x0000004c       0x1c ../src/drivers/delay.o
 .comment       0x00000068       0x1c ../src/drivers/gpio.o
 .comment       0x00000084       0x1c ../src/drivers/led.o
 .comment       0x000000a0       0x1c ../src/drivers/usart.o
 .comment       0x00000000       0x31 c:/program files (x86)/atmel/studio/7.0/toolchain/avr32/avr32-gnu-toolchain/bin/../lib/gcc/avr32/4.4.7/../../../../avr32/lib/ucr2\libc.a(lib_a-abs.o)
 .comment       0x00000000       0x31 c:/program files (x86)/atmel/studio/7.0/toolchain/avr32/avr32-gnu-toolchain/bin/../lib/gcc/avr32/4.4.7/../../../../avr32/lib/ucr2\libc.a(lib_a-calloc.o)
 .comment       0x00000000       0x31 c:/program files (x86)/atmel/studio/7.0/toolchain/avr32/avr32-gnu-toolchain/bin/../lib/gcc/avr32/4.4.7/../../../../avr32/lib/ucr2\libc.a(lib_a-callocr.o)
 .comment       0x00000000       0x31 c:/program files (x86)/atmel/studio/7.0/toolchain/avr32/avr32-gnu-toolchain/bin/../lib/gcc/avr32/4.4.7/../../../../avr32/lib/ucr2\libc.a(lib_a-impure.o)
 .comment       0x00000000       0x31 c:/program files (x86)/atmel/studio/7.0/toolchain/avr32/avr32-gnu-toolchain/bin/../lib/gcc/avr32/4.4.7/../../../../avr32/lib/ucr2\libc.a(lib_a-malloc.o)
 .comment       0x00000000       0x31 c:/program files (x86)/atmel/studio/7.0/toolchain/avr32/avr32-gnu-toolchain/bin/../lib/gcc/avr32/4.4.7/../../../../avr32/lib/ucr2\libc.a(lib_a-mallocr.o)
 .comment       0x00000000       0x31 c:/program files (x86)/atmel/studio/7.0/toolchain/avr32/avr32-gnu-toolchain/bin/../lib/gcc/avr32/4.4.7/../../../../avr32/lib/ucr2\libc.a(lib_a-memset.o)
 .comment       0x00000000       0x31 c:/program files (x86)/atmel/studio/7.0/toolchain/avr32/avr32-gnu-toolchain/bin/../lib/gcc/avr32/4.4.7/../../../../avr32/lib/ucr2\libc.a(lib_a-mlock.o)
 .comment       0x00000000       0x31 c:/program files (x86)/atmel/studio/7.0/toolchain/avr32/avr32-gnu-toolchain/bin/../lib/gcc/avr32/4.4.7/../../../../avr32/lib/ucr2\libc.a(lib_a-sbrkr.o)
 .comment       0x00000000       0x31 c:/program files (x86)/atmel/studio/7.0/toolchain/avr32/avr32-gnu-toolchain/bin/../lib/gcc/avr32/4.4.7/../../../../avr32/lib/ucr2\libc.a(lib_a-syscalls.o)
 .comment       0x00000000       0x31 c:/program files (x86)/atmel/studio/7.0/toolchain/avr32/avr32-gnu-toolchain/bin/../lib/gcc/avr32/4.4.7/../../../../avr32/lib/ucr2\libc.a(lib_a-errno.o)
 .comment       0x00000000       0x31 c:/program files (x86)/atmel/studio/7.0/toolchain/avr32/avr32-gnu-toolchain/bin/../lib/gcc/avr32/4.4.7/../../../../avr32/lib/ucr2\libc.a(lib_a-findfp.o)
 .comment       0x00000000       0x31 c:/program files (x86)/atmel/studio/7.0/toolchain/avr32/avr32-gnu-toolchain/bin/../lib/gcc/avr32/4.4.7/../../../../avr32/lib/ucr2\libc.a(lib_a-freer.o)
 .comment       0x00000000       0x31 c:/program files (x86)/atmel/studio/7.0/toolchain/avr32/avr32-gnu-toolchain/bin/../lib/gcc/avr32/4.4.7/../../../../avr32/lib/ucr2\libc.a(lib_a-reent.o)

.debug
 *(.debug)

.line
 *(.line)

.debug_srcinfo
 *(.debug_srcinfo)

.debug_sfnames
 *(.debug_sfnames)

.debug_aranges  0x00000000      0x7b0
 *(.debug_aranges)
 .debug_aranges
                0x00000000       0x80 src/kernel/semaphore.o
 .debug_aranges
                0x00000080      0x188 src/main.o
 .debug_aranges
                0x00000208       0x20 src/kernel/rosa_int.o
 .debug_aranges
                0x00000228       0x20 src/kernel/rosa_int_asm.o
 .debug_aranges
                0x00000248       0xb0 src/kernel/rosa_ker.o
 .debug_aranges
                0x000002f8       0x20 src/kernel/rosa_ker_asm.o
 .debug_aranges
                0x00000318       0x20 src/kernel/rosa_scheduler.o
 .debug_aranges
                0x00000338       0x28 src/kernel/rosa_tim.o
 .debug_aranges
                0x00000360       0x58 ../src/drivers/button.o
 .debug_aranges
                0x000003b8       0x20 ../src/drivers/delay.o
 .debug_aranges
                0x000003d8       0x40 ../src/drivers/gpio.o
 .debug_aranges
                0x00000418       0x38 ../src/drivers/led.o
 .debug_aranges
                0x00000450       0x60 ../src/drivers/usart.o
 .debug_aranges
                0x000004b0       0x20 c:/program files (x86)/atmel/studio/7.0/toolchain/avr32/avr32-gnu-toolchain/bin/../lib/gcc/avr32/4.4.7/../../../../avr32/lib/ucr2\libc.a(lib_a-abs.o)
 .debug_aranges
                0x000004d0       0x20 c:/program files (x86)/atmel/studio/7.0/toolchain/avr32/avr32-gnu-toolchain/bin/../lib/gcc/avr32/4.4.7/../../../../avr32/lib/ucr2\libc.a(lib_a-calloc.o)
 .debug_aranges
                0x000004f0       0x20 c:/program files (x86)/atmel/studio/7.0/toolchain/avr32/avr32-gnu-toolchain/bin/../lib/gcc/avr32/4.4.7/../../../../avr32/lib/ucr2\libc.a(lib_a-callocr.o)
 .debug_aranges
                0x00000510       0x28 c:/program files (x86)/atmel/studio/7.0/toolchain/avr32/avr32-gnu-toolchain/bin/../lib/gcc/avr32/4.4.7/../../../../avr32/lib/ucr2\libc.a(lib_a-malloc.o)
 .debug_aranges
                0x00000538       0x20 c:/program files (x86)/atmel/studio/7.0/toolchain/avr32/avr32-gnu-toolchain/bin/../lib/gcc/avr32/4.4.7/../../../../avr32/lib/ucr2\libc.a(lib_a-mallocr.o)
 .debug_aranges
                0x00000558       0x20 c:/program files (x86)/atmel/studio/7.0/toolchain/avr32/avr32-gnu-toolchain/bin/../lib/gcc/avr32/4.4.7/../../../../avr32/lib/ucr2\libc.a(lib_a-memset.o)
 .debug_aranges
                0x00000578       0x28 c:/program files (x86)/atmel/studio/7.0/toolchain/avr32/avr32-gnu-toolchain/bin/../lib/gcc/avr32/4.4.7/../../../../avr32/lib/ucr2\libc.a(lib_a-mlock.o)
 .debug_aranges
                0x000005a0       0x20 c:/program files (x86)/atmel/studio/7.0/toolchain/avr32/avr32-gnu-toolchain/bin/../lib/gcc/avr32/4.4.7/../../../../avr32/lib/ucr2\libc.a(lib_a-sbrkr.o)
 .debug_aranges
                0x000005c0       0xf8 c:/program files (x86)/atmel/studio/7.0/toolchain/avr32/avr32-gnu-toolchain/bin/../lib/gcc/avr32/4.4.7/../../../../avr32/lib/ucr2\libc.a(lib_a-syscalls.o)
 .debug_aranges
                0x000006b8       0x20 c:/program files (x86)/atmel/studio/7.0/toolchain/avr32/avr32-gnu-toolchain/bin/../lib/gcc/avr32/4.4.7/../../../../avr32/lib/ucr2\libc.a(lib_a-errno.o)
 .debug_aranges
                0x000006d8       0x80 c:/program files (x86)/atmel/studio/7.0/toolchain/avr32/avr32-gnu-toolchain/bin/../lib/gcc/avr32/4.4.7/../../../../avr32/lib/ucr2\libc.a(lib_a-findfp.o)
 .debug_aranges
                0x00000758       0x28 c:/program files (x86)/atmel/studio/7.0/toolchain/avr32/avr32-gnu-toolchain/bin/../lib/gcc/avr32/4.4.7/../../../../avr32/lib/ucr2\libc.a(lib_a-freer.o)
 .debug_aranges
                0x00000780       0x30 c:/program files (x86)/atmel/studio/7.0/toolchain/avr32/avr32-gnu-toolchain/bin/../lib/gcc/avr32/4.4.7/../../../../avr32/lib/ucr2\libc.a(lib_a-reent.o)

.debug_pubnames
                0x00000000     0x11e7
 *(.debug_pubnames)
 .debug_pubnames
                0x00000000      0x18a src/kernel/semaphore.o
 .debug_pubnames
                0x0000018a      0x625 src/main.o
 .debug_pubnames
                0x000007af       0x5e src/kernel/rosa_int.o
 .debug_pubnames
                0x0000080d      0x21d src/kernel/rosa_ker.o
 .debug_pubnames
                0x00000a2a       0x63 src/kernel/rosa_scheduler.o
 .debug_pubnames
                0x00000a8d       0x32 src/kernel/rosa_tim.o
 .debug_pubnames
                0x00000abf       0xa0 ../src/drivers/button.o
 .debug_pubnames
                0x00000b5f       0x1f ../src/drivers/delay.o
 .debug_pubnames
                0x00000b7e       0x54 ../src/drivers/gpio.o
 .debug_pubnames
                0x00000bd2       0x41 ../src/drivers/led.o
 .debug_pubnames
                0x00000c13       0xb2 ../src/drivers/usart.o
 .debug_pubnames
                0x00000cc5       0x1a c:/program files (x86)/atmel/studio/7.0/toolchain/avr32/avr32-gnu-toolchain/bin/../lib/gcc/avr32/4.4.7/../../../../avr32/lib/ucr2\libc.a(lib_a-abs.o)
 .debug_pubnames
                0x00000cdf       0x1d c:/program files (x86)/atmel/studio/7.0/toolchain/avr32/avr32-gnu-toolchain/bin/../lib/gcc/avr32/4.4.7/../../../../avr32/lib/ucr2\libc.a(lib_a-calloc.o)
 .debug_pubnames
                0x00000cfc       0x20 c:/program files (x86)/atmel/studio/7.0/toolchain/avr32/avr32-gnu-toolchain/bin/../lib/gcc/avr32/4.4.7/../../../../avr32/lib/ucr2\libc.a(lib_a-callocr.o)
 .debug_pubnames
                0x00000d1c       0x39 c:/program files (x86)/atmel/studio/7.0/toolchain/avr32/avr32-gnu-toolchain/bin/../lib/gcc/avr32/4.4.7/../../../../avr32/lib/ucr2\libc.a(lib_a-impure.o)
 .debug_pubnames
                0x00000d55       0x26 c:/program files (x86)/atmel/studio/7.0/toolchain/avr32/avr32-gnu-toolchain/bin/../lib/gcc/avr32/4.4.7/../../../../avr32/lib/ucr2\libc.a(lib_a-malloc.o)
 .debug_pubnames
                0x00000d7b       0xce c:/program files (x86)/atmel/studio/7.0/toolchain/avr32/avr32-gnu-toolchain/bin/../lib/gcc/avr32/4.4.7/../../../../avr32/lib/ucr2\libc.a(lib_a-mallocr.o)
 .debug_pubnames
                0x00000e49       0x1d c:/program files (x86)/atmel/studio/7.0/toolchain/avr32/avr32-gnu-toolchain/bin/../lib/gcc/avr32/4.4.7/../../../../avr32/lib/ucr2\libc.a(lib_a-memset.o)
 .debug_pubnames
                0x00000e66       0x38 c:/program files (x86)/atmel/studio/7.0/toolchain/avr32/avr32-gnu-toolchain/bin/../lib/gcc/avr32/4.4.7/../../../../avr32/lib/ucr2\libc.a(lib_a-mlock.o)
 .debug_pubnames
                0x00000e9e       0x1e c:/program files (x86)/atmel/studio/7.0/toolchain/avr32/avr32-gnu-toolchain/bin/../lib/gcc/avr32/4.4.7/../../../../avr32/lib/ucr2\libc.a(lib_a-sbrkr.o)
 .debug_pubnames
                0x00000ebc      0x171 c:/program files (x86)/atmel/studio/7.0/toolchain/avr32/avr32-gnu-toolchain/bin/../lib/gcc/avr32/4.4.7/../../../../avr32/lib/ucr2\libc.a(lib_a-syscalls.o)
 .debug_pubnames
                0x0000102d       0x1e c:/program files (x86)/atmel/studio/7.0/toolchain/avr32/avr32-gnu-toolchain/bin/../lib/gcc/avr32/4.4.7/../../../../avr32/lib/ucr2\libc.a(lib_a-errno.o)
 .debug_pubnames
                0x0000104b      0x119 c:/program files (x86)/atmel/studio/7.0/toolchain/avr32/avr32-gnu-toolchain/bin/../lib/gcc/avr32/4.4.7/../../../../avr32/lib/ucr2\libc.a(lib_a-findfp.o)
 .debug_pubnames
                0x00001164       0x31 c:/program files (x86)/atmel/studio/7.0/toolchain/avr32/avr32-gnu-toolchain/bin/../lib/gcc/avr32/4.4.7/../../../../avr32/lib/ucr2\libc.a(lib_a-freer.o)
 .debug_pubnames
                0x00001195       0x52 c:/program files (x86)/atmel/studio/7.0/toolchain/avr32/avr32-gnu-toolchain/bin/../lib/gcc/avr32/4.4.7/../../../../avr32/lib/ucr2\libc.a(lib_a-reent.o)

.debug_info     0x00000000     0xd191
 *(.debug_info .gnu.linkonce.wi.*)
 .debug_info    0x00000000      0x5ce src/kernel/semaphore.o
 .debug_info    0x000005ce      0xa8e src/main.o
 .debug_info    0x0000105c       0xcf src/kernel/rosa_int.o
 .debug_info    0x0000112b       0x85 src/kernel/rosa_int_asm.o
 .debug_info    0x000011b0     0x1a53 src/kernel/rosa_ker.o
 .debug_info    0x00002c03       0x85 src/kernel/rosa_ker_asm.o
 .debug_info    0x00002c88      0x2c6 src/kernel/rosa_scheduler.o
 .debug_info    0x00002f4e      0xa80 src/kernel/rosa_tim.o
 .debug_info    0x000039ce      0x114 ../src/drivers/button.o
 .debug_info    0x00003ae2       0x6d ../src/drivers/delay.o
 .debug_info    0x00003b4f      0x531 ../src/drivers/gpio.o
 .debug_info    0x00004080       0xfb ../src/drivers/led.o
 .debug_info    0x0000417b     0x194a ../src/drivers/usart.o
 .debug_info    0x00005ac5       0x9b c:/program files (x86)/atmel/studio/7.0/toolchain/avr32/avr32-gnu-toolchain/bin/../lib/gcc/avr32/4.4.7/../../../../avr32/lib/ucr2\libc.a(lib_a-abs.o)
 .debug_info    0x00005b60      0x8ce c:/program files (x86)/atmel/studio/7.0/toolchain/avr32/avr32-gnu-toolchain/bin/../lib/gcc/avr32/4.4.7/../../../../avr32/lib/ucr2\libc.a(lib_a-calloc.o)
 .debug_info    0x0000642e      0x997 c:/program files (x86)/atmel/studio/7.0/toolchain/avr32/avr32-gnu-toolchain/bin/../lib/gcc/avr32/4.4.7/../../../../avr32/lib/ucr2\libc.a(lib_a-callocr.o)
 .debug_info    0x00006dc5      0x960 c:/program files (x86)/atmel/studio/7.0/toolchain/avr32/avr32-gnu-toolchain/bin/../lib/gcc/avr32/4.4.7/../../../../avr32/lib/ucr2\libc.a(lib_a-impure.o)
 .debug_info    0x00007725      0x8ea c:/program files (x86)/atmel/studio/7.0/toolchain/avr32/avr32-gnu-toolchain/bin/../lib/gcc/avr32/4.4.7/../../../../avr32/lib/ucr2\libc.a(lib_a-malloc.o)
 .debug_info    0x0000800f      0xc4e c:/program files (x86)/atmel/studio/7.0/toolchain/avr32/avr32-gnu-toolchain/bin/../lib/gcc/avr32/4.4.7/../../../../avr32/lib/ucr2\libc.a(lib_a-mallocr.o)
 .debug_info    0x00008c5d       0xcd c:/program files (x86)/atmel/studio/7.0/toolchain/avr32/avr32-gnu-toolchain/bin/../lib/gcc/avr32/4.4.7/../../../../avr32/lib/ucr2\libc.a(lib_a-memset.o)
 .debug_info    0x00008d2a      0x8cf c:/program files (x86)/atmel/studio/7.0/toolchain/avr32/avr32-gnu-toolchain/bin/../lib/gcc/avr32/4.4.7/../../../../avr32/lib/ucr2\libc.a(lib_a-mlock.o)
 .debug_info    0x000095f9      0x8de c:/program files (x86)/atmel/studio/7.0/toolchain/avr32/avr32-gnu-toolchain/bin/../lib/gcc/avr32/4.4.7/../../../../avr32/lib/ucr2\libc.a(lib_a-sbrkr.o)
 .debug_info    0x00009ed7      0x93a c:/program files (x86)/atmel/studio/7.0/toolchain/avr32/avr32-gnu-toolchain/bin/../lib/gcc/avr32/4.4.7/../../../../avr32/lib/ucr2\libc.a(lib_a-syscalls.o)
 .debug_info    0x0000a811      0x8a6 c:/program files (x86)/atmel/studio/7.0/toolchain/avr32/avr32-gnu-toolchain/bin/../lib/gcc/avr32/4.4.7/../../../../avr32/lib/ucr2\libc.a(lib_a-errno.o)
 .debug_info    0x0000b0b7      0xc2a c:/program files (x86)/atmel/studio/7.0/toolchain/avr32/avr32-gnu-toolchain/bin/../lib/gcc/avr32/4.4.7/../../../../avr32/lib/ucr2\libc.a(lib_a-findfp.o)
 .debug_info    0x0000bce1      0xb3d c:/program files (x86)/atmel/studio/7.0/toolchain/avr32/avr32-gnu-toolchain/bin/../lib/gcc/avr32/4.4.7/../../../../avr32/lib/ucr2\libc.a(lib_a-freer.o)
 .debug_info    0x0000c81e      0x973 c:/program files (x86)/atmel/studio/7.0/toolchain/avr32/avr32-gnu-toolchain/bin/../lib/gcc/avr32/4.4.7/../../../../avr32/lib/ucr2\libc.a(lib_a-reent.o)

.debug_abbrev   0x00000000     0x212c
 *(.debug_abbrev)
 .debug_abbrev  0x00000000      0x102 src/kernel/semaphore.o
 .debug_abbrev  0x00000102      0x161 src/main.o
 .debug_abbrev  0x00000263       0x7b src/kernel/rosa_int.o
 .debug_abbrev  0x000002de       0x14 src/kernel/rosa_int_asm.o
 .debug_abbrev  0x000002f2      0x26b src/kernel/rosa_ker.o
 .debug_abbrev  0x0000055d       0x14 src/kernel/rosa_ker_asm.o
 .debug_abbrev  0x00000571       0xd7 src/kernel/rosa_scheduler.o
 .debug_abbrev  0x00000648      0x174 src/kernel/rosa_tim.o
 .debug_abbrev  0x000007bc       0x89 ../src/drivers/button.o
 .debug_abbrev  0x00000845       0x5d ../src/drivers/delay.o
 .debug_abbrev  0x000008a2      0x111 ../src/drivers/gpio.o
 .debug_abbrev  0x000009b3       0xa0 ../src/drivers/led.o
 .debug_abbrev  0x00000a53      0x20c ../src/drivers/usart.o
 .debug_abbrev  0x00000c5f       0x59 c:/program files (x86)/atmel/studio/7.0/toolchain/avr32/avr32-gnu-toolchain/bin/../lib/gcc/avr32/4.4.7/../../../../avr32/lib/ucr2\libc.a(lib_a-abs.o)
 .debug_abbrev  0x00000cb8      0x170 c:/program files (x86)/atmel/studio/7.0/toolchain/avr32/avr32-gnu-toolchain/bin/../lib/gcc/avr32/4.4.7/../../../../avr32/lib/ucr2\libc.a(lib_a-calloc.o)
 .debug_abbrev  0x00000e28      0x193 c:/program files (x86)/atmel/studio/7.0/toolchain/avr32/avr32-gnu-toolchain/bin/../lib/gcc/avr32/4.4.7/../../../../avr32/lib/ucr2\libc.a(lib_a-callocr.o)
 .debug_abbrev  0x00000fbb      0x160 c:/program files (x86)/atmel/studio/7.0/toolchain/avr32/avr32-gnu-toolchain/bin/../lib/gcc/avr32/4.4.7/../../../../avr32/lib/ucr2\libc.a(lib_a-impure.o)
 .debug_abbrev  0x0000111b      0x178 c:/program files (x86)/atmel/studio/7.0/toolchain/avr32/avr32-gnu-toolchain/bin/../lib/gcc/avr32/4.4.7/../../../../avr32/lib/ucr2\libc.a(lib_a-malloc.o)
 .debug_abbrev  0x00001293      0x205 c:/program files (x86)/atmel/studio/7.0/toolchain/avr32/avr32-gnu-toolchain/bin/../lib/gcc/avr32/4.4.7/../../../../avr32/lib/ucr2\libc.a(lib_a-mallocr.o)
 .debug_abbrev  0x00001498       0x85 c:/program files (x86)/atmel/studio/7.0/toolchain/avr32/avr32-gnu-toolchain/bin/../lib/gcc/avr32/4.4.7/../../../../avr32/lib/ucr2\libc.a(lib_a-memset.o)
 .debug_abbrev  0x0000151d      0x15b c:/program files (x86)/atmel/studio/7.0/toolchain/avr32/avr32-gnu-toolchain/bin/../lib/gcc/avr32/4.4.7/../../../../avr32/lib/ucr2\libc.a(lib_a-mlock.o)
 .debug_abbrev  0x00001678      0x17f c:/program files (x86)/atmel/studio/7.0/toolchain/avr32/avr32-gnu-toolchain/bin/../lib/gcc/avr32/4.4.7/../../../../avr32/lib/ucr2\libc.a(lib_a-sbrkr.o)
 .debug_abbrev  0x000017f7      0x19a c:/program files (x86)/atmel/studio/7.0/toolchain/avr32/avr32-gnu-toolchain/bin/../lib/gcc/avr32/4.4.7/../../../../avr32/lib/ucr2\libc.a(lib_a-syscalls.o)
 .debug_abbrev  0x00001991      0x150 c:/program files (x86)/atmel/studio/7.0/toolchain/avr32/avr32-gnu-toolchain/bin/../lib/gcc/avr32/4.4.7/../../../../avr32/lib/ucr2\libc.a(lib_a-errno.o)
 .debug_abbrev  0x00001ae1      0x28c c:/program files (x86)/atmel/studio/7.0/toolchain/avr32/avr32-gnu-toolchain/bin/../lib/gcc/avr32/4.4.7/../../../../avr32/lib/ucr2\libc.a(lib_a-findfp.o)
 .debug_abbrev  0x00001d6d      0x1d9 c:/program files (x86)/atmel/studio/7.0/toolchain/avr32/avr32-gnu-toolchain/bin/../lib/gcc/avr32/4.4.7/../../../../avr32/lib/ucr2\libc.a(lib_a-freer.o)
 .debug_abbrev  0x00001f46      0x1e6 c:/program files (x86)/atmel/studio/7.0/toolchain/avr32/avr32-gnu-toolchain/bin/../lib/gcc/avr32/4.4.7/../../../../avr32/lib/ucr2\libc.a(lib_a-reent.o)

.debug_line     0x00000000     0x489f
 *(.debug_line)
 .debug_line    0x00000000      0x459 src/kernel/semaphore.o
 .debug_line    0x00000459      0x6fd src/main.o
 .debug_line    0x00000b56      0x34b src/kernel/rosa_int.o
 .debug_line    0x00000ea1       0xc9 src/kernel/rosa_int_asm.o
 .debug_line    0x00000f6a      0x5b8 src/kernel/rosa_ker.o
 .debug_line    0x00001522       0xab src/kernel/rosa_ker_asm.o
 .debug_line    0x000015cd      0x35b src/kernel/rosa_scheduler.o
 .debug_line    0x00001928      0x33e src/kernel/rosa_tim.o
 .debug_line    0x00001c66       0xc9 ../src/drivers/button.o
 .debug_line    0x00001d2f       0x47 ../src/drivers/delay.o
 .debug_line    0x00001d76       0xee ../src/drivers/gpio.o
 .debug_line    0x00001e64       0x84 ../src/drivers/led.o
 .debug_line    0x00001ee8      0x201 ../src/drivers/usart.o
 .debug_line    0x000020e9      0x113 c:/program files (x86)/atmel/studio/7.0/toolchain/avr32/avr32-gnu-toolchain/bin/../lib/gcc/avr32/4.4.7/../../../../avr32/lib/ucr2\libc.a(lib_a-abs.o)
 .debug_line    0x000021fc      0x237 c:/program files (x86)/atmel/studio/7.0/toolchain/avr32/avr32-gnu-toolchain/bin/../lib/gcc/avr32/4.4.7/../../../../avr32/lib/ucr2\libc.a(lib_a-calloc.o)
 .debug_line    0x00002433      0x1d3 c:/program files (x86)/atmel/studio/7.0/toolchain/avr32/avr32-gnu-toolchain/bin/../lib/gcc/avr32/4.4.7/../../../../avr32/lib/ucr2\libc.a(lib_a-callocr.o)
 .debug_line    0x00002606      0x1a8 c:/program files (x86)/atmel/studio/7.0/toolchain/avr32/avr32-gnu-toolchain/bin/../lib/gcc/avr32/4.4.7/../../../../avr32/lib/ucr2\libc.a(lib_a-impure.o)
 .debug_line    0x000027ae      0x255 c:/program files (x86)/atmel/studio/7.0/toolchain/avr32/avr32-gnu-toolchain/bin/../lib/gcc/avr32/4.4.7/../../../../avr32/lib/ucr2\libc.a(lib_a-malloc.o)
 .debug_line    0x00002a03      0x571 c:/program files (x86)/atmel/studio/7.0/toolchain/avr32/avr32-gnu-toolchain/bin/../lib/gcc/avr32/4.4.7/../../../../avr32/lib/ucr2\libc.a(lib_a-mallocr.o)
 .debug_line    0x00002f74      0x1be c:/program files (x86)/atmel/studio/7.0/toolchain/avr32/avr32-gnu-toolchain/bin/../lib/gcc/avr32/4.4.7/../../../../avr32/lib/ucr2\libc.a(lib_a-memset.o)
 .debug_line    0x00003132      0x1d4 c:/program files (x86)/atmel/studio/7.0/toolchain/avr32/avr32-gnu-toolchain/bin/../lib/gcc/avr32/4.4.7/../../../../avr32/lib/ucr2\libc.a(lib_a-mlock.o)
 .debug_line    0x00003306      0x258 c:/program files (x86)/atmel/studio/7.0/toolchain/avr32/avr32-gnu-toolchain/bin/../lib/gcc/avr32/4.4.7/../../../../avr32/lib/ucr2\libc.a(lib_a-sbrkr.o)
 .debug_line    0x0000355e      0x58e c:/program files (x86)/atmel/studio/7.0/toolchain/avr32/avr32-gnu-toolchain/bin/../lib/gcc/avr32/4.4.7/../../../../avr32/lib/ucr2\libc.a(lib_a-syscalls.o)
 .debug_line    0x00003aec      0x1ce c:/program files (x86)/atmel/studio/7.0/toolchain/avr32/avr32-gnu-toolchain/bin/../lib/gcc/avr32/4.4.7/../../../../avr32/lib/ucr2\libc.a(lib_a-errno.o)
 .debug_line    0x00003cba      0x5ad c:/program files (x86)/atmel/studio/7.0/toolchain/avr32/avr32-gnu-toolchain/bin/../lib/gcc/avr32/4.4.7/../../../../avr32/lib/ucr2\libc.a(lib_a-findfp.o)
 .debug_line    0x00004267      0x34c c:/program files (x86)/atmel/studio/7.0/toolchain/avr32/avr32-gnu-toolchain/bin/../lib/gcc/avr32/4.4.7/../../../../avr32/lib/ucr2\libc.a(lib_a-freer.o)
 .debug_line    0x000045b3      0x2ec c:/program files (x86)/atmel/studio/7.0/toolchain/avr32/avr32-gnu-toolchain/bin/../lib/gcc/avr32/4.4.7/../../../../avr32/lib/ucr2\libc.a(lib_a-reent.o)

.debug_frame    0x00000000     0x1274
 *(.debug_frame)
 .debug_frame   0x00000000      0x17c src/kernel/semaphore.o
 .debug_frame   0x0000017c      0x518 src/main.o
 .debug_frame   0x00000694       0x2c src/kernel/rosa_int.o
 .debug_frame   0x000006c0      0x228 src/kernel/rosa_ker.o
 .debug_frame   0x000008e8       0x2c src/kernel/rosa_scheduler.o
 .debug_frame   0x00000914       0x48 src/kernel/rosa_tim.o
 .debug_frame   0x0000095c       0xf0 ../src/drivers/button.o
 .debug_frame   0x00000a4c       0x2c ../src/drivers/delay.o
 .debug_frame   0x00000a78       0x9c ../src/drivers/gpio.o
 .debug_frame   0x00000b14       0x80 ../src/drivers/led.o
 .debug_frame   0x00000b94      0x10c ../src/drivers/usart.o
 .debug_frame   0x00000ca0       0x20 c:/program files (x86)/atmel/studio/7.0/toolchain/avr32/avr32-gnu-toolchain/bin/../lib/gcc/avr32/4.4.7/../../../../avr32/lib/ucr2\libc.a(lib_a-abs.o)
 .debug_frame   0x00000cc0       0x28 c:/program files (x86)/atmel/studio/7.0/toolchain/avr32/avr32-gnu-toolchain/bin/../lib/gcc/avr32/4.4.7/../../../../avr32/lib/ucr2\libc.a(lib_a-calloc.o)
 .debug_frame   0x00000ce8       0x34 c:/program files (x86)/atmel/studio/7.0/toolchain/avr32/avr32-gnu-toolchain/bin/../lib/gcc/avr32/4.4.7/../../../../avr32/lib/ucr2\libc.a(lib_a-callocr.o)
 .debug_frame   0x00000d1c       0x40 c:/program files (x86)/atmel/studio/7.0/toolchain/avr32/avr32-gnu-toolchain/bin/../lib/gcc/avr32/4.4.7/../../../../avr32/lib/ucr2\libc.a(lib_a-malloc.o)
 .debug_frame   0x00000d5c       0x40 c:/program files (x86)/atmel/studio/7.0/toolchain/avr32/avr32-gnu-toolchain/bin/../lib/gcc/avr32/4.4.7/../../../../avr32/lib/ucr2\libc.a(lib_a-mallocr.o)
 .debug_frame   0x00000d9c       0x20 c:/program files (x86)/atmel/studio/7.0/toolchain/avr32/avr32-gnu-toolchain/bin/../lib/gcc/avr32/4.4.7/../../../../avr32/lib/ucr2\libc.a(lib_a-memset.o)
 .debug_frame   0x00000dbc       0x30 c:/program files (x86)/atmel/studio/7.0/toolchain/avr32/avr32-gnu-toolchain/bin/../lib/gcc/avr32/4.4.7/../../../../avr32/lib/ucr2\libc.a(lib_a-mlock.o)
 .debug_frame   0x00000dec       0x34 c:/program files (x86)/atmel/studio/7.0/toolchain/avr32/avr32-gnu-toolchain/bin/../lib/gcc/avr32/4.4.7/../../../../avr32/lib/ucr2\libc.a(lib_a-sbrkr.o)
 .debug_frame   0x00000e20      0x220 c:/program files (x86)/atmel/studio/7.0/toolchain/avr32/avr32-gnu-toolchain/bin/../lib/gcc/avr32/4.4.7/../../../../avr32/lib/ucr2\libc.a(lib_a-syscalls.o)
 .debug_frame   0x00001040       0x20 c:/program files (x86)/atmel/studio/7.0/toolchain/avr32/avr32-gnu-toolchain/bin/../lib/gcc/avr32/4.4.7/../../../../avr32/lib/ucr2\libc.a(lib_a-errno.o)
 .debug_frame   0x00001060      0x13c c:/program files (x86)/atmel/studio/7.0/toolchain/avr32/avr32-gnu-toolchain/bin/../lib/gcc/avr32/4.4.7/../../../../avr32/lib/ucr2\libc.a(lib_a-findfp.o)
 .debug_frame   0x0000119c       0x58 c:/program files (x86)/atmel/studio/7.0/toolchain/avr32/avr32-gnu-toolchain/bin/../lib/gcc/avr32/4.4.7/../../../../avr32/lib/ucr2\libc.a(lib_a-freer.o)
 .debug_frame   0x000011f4       0x80 c:/program files (x86)/atmel/studio/7.0/toolchain/avr32/avr32-gnu-toolchain/bin/../lib/gcc/avr32/4.4.7/../../../../avr32/lib/ucr2\libc.a(lib_a-reent.o)

.debug_str      0x00000000     0x22b1
 *(.debug_str)
 .debug_str     0x00000000      0x346 src/kernel/semaphore.o
                                0x3c8 (size before relaxing)
 .debug_str     0x00000346      0x4a1 src/main.o
                                0x6ef (size before relaxing)
 .debug_str     0x000007e7       0x38 src/kernel/rosa_int.o
                                0x144 (size before relaxing)
 .debug_str     0x0000081f      0x5a0 src/kernel/rosa_ker.o
                                0x892 (size before relaxing)
 .debug_str     0x00000dbf       0x29 src/kernel/rosa_scheduler.o
                                0x288 (size before relaxing)
 .debug_str     0x00000de8      0x241 src/kernel/rosa_tim.o
                                0x329 (size before relaxing)
 .debug_str     0x00001029       0xa7 ../src/drivers/button.o
                                 0xc6 (size before relaxing)
 .debug_str     0x000010d0       0x31 ../src/drivers/delay.o
                                 0x74 (size before relaxing)
 .debug_str     0x00001101      0x16e ../src/drivers/gpio.o
                                0x1c0 (size before relaxing)
 .debug_str     0x0000126f       0x3c ../src/drivers/led.o
                                 0x7f (size before relaxing)
 .debug_str     0x000012ab       0xd6 ../src/drivers/usart.o
                                0x6e9 (size before relaxing)
 .debug_str     0x00001381       0x6b c:/program files (x86)/atmel/studio/7.0/toolchain/avr32/avr32-gnu-toolchain/bin/../lib/gcc/avr32/4.4.7/../../../../avr32/lib/ucr2\libc.a(lib_a-abs.o)
                                0x100 (size before relaxing)
 .debug_str     0x000013ec      0x3c0 c:/program files (x86)/atmel/studio/7.0/toolchain/avr32/avr32-gnu-toolchain/bin/../lib/gcc/avr32/4.4.7/../../../../avr32/lib/ucr2\libc.a(lib_a-calloc.o)
                                0x4b8 (size before relaxing)
 .debug_str     0x000017ac       0xb3 c:/program files (x86)/atmel/studio/7.0/toolchain/avr32/avr32-gnu-toolchain/bin/../lib/gcc/avr32/4.4.7/../../../../avr32/lib/ucr2\libc.a(lib_a-callocr.o)
                                0x4ea (size before relaxing)
 .debug_str     0x0000185f       0xcb c:/program files (x86)/atmel/studio/7.0/toolchain/avr32/avr32-gnu-toolchain/bin/../lib/gcc/avr32/4.4.7/../../../../avr32/lib/ucr2\libc.a(lib_a-impure.o)
                                0x502 (size before relaxing)
 .debug_str     0x0000192a       0x86 c:/program files (x86)/atmel/studio/7.0/toolchain/avr32/avr32-gnu-toolchain/bin/../lib/gcc/avr32/4.4.7/../../../../avr32/lib/ucr2\libc.a(lib_a-malloc.o)
                                0x4c4 (size before relaxing)
 .debug_str     0x000019b0      0x1a1 c:/program files (x86)/atmel/studio/7.0/toolchain/avr32/avr32-gnu-toolchain/bin/../lib/gcc/avr32/4.4.7/../../../../avr32/lib/ucr2\libc.a(lib_a-mallocr.o)
                                0x699 (size before relaxing)
 .debug_str     0x00001b51       0x75 c:/program files (x86)/atmel/studio/7.0/toolchain/avr32/avr32-gnu-toolchain/bin/../lib/gcc/avr32/4.4.7/../../../../avr32/lib/ucr2\libc.a(lib_a-memset.o)
                                0x111 (size before relaxing)
 .debug_str     0x00001bc6       0xa0 c:/program files (x86)/atmel/studio/7.0/toolchain/avr32/avr32-gnu-toolchain/bin/../lib/gcc/avr32/4.4.7/../../../../avr32/lib/ucr2\libc.a(lib_a-mlock.o)
                                0x4cb (size before relaxing)
 .debug_str     0x00001c66       0x83 c:/program files (x86)/atmel/studio/7.0/toolchain/avr32/avr32-gnu-toolchain/bin/../lib/gcc/avr32/4.4.7/../../../../avr32/lib/ucr2\libc.a(lib_a-sbrkr.o)
                                0x4b4 (size before relaxing)
 .debug_str     0x00001ce9      0x33d c:/program files (x86)/atmel/studio/7.0/toolchain/avr32/avr32-gnu-toolchain/bin/../lib/gcc/avr32/4.4.7/../../../../avr32/lib/ucr2\libc.a(lib_a-syscalls.o)
                                0x43d (size before relaxing)
 .debug_str     0x00002026       0x74 c:/program files (x86)/atmel/studio/7.0/toolchain/avr32/avr32-gnu-toolchain/bin/../lib/gcc/avr32/4.4.7/../../../../avr32/lib/ucr2\libc.a(lib_a-errno.o)
                                0x4ab (size before relaxing)
 .debug_str     0x0000209a      0x135 c:/program files (x86)/atmel/studio/7.0/toolchain/avr32/avr32-gnu-toolchain/bin/../lib/gcc/avr32/4.4.7/../../../../avr32/lib/ucr2\libc.a(lib_a-findfp.o)
                                0x5dc (size before relaxing)
 .debug_str     0x000021cf       0x3c c:/program files (x86)/atmel/studio/7.0/toolchain/avr32/avr32-gnu-toolchain/bin/../lib/gcc/avr32/4.4.7/../../../../avr32/lib/ucr2\libc.a(lib_a-freer.o)
                                0x5eb (size before relaxing)
 .debug_str     0x0000220b       0xa6 c:/program files (x86)/atmel/studio/7.0/toolchain/avr32/avr32-gnu-toolchain/bin/../lib/gcc/avr32/4.4.7/../../../../avr32/lib/ucr2\libc.a(lib_a-reent.o)
                                0x4e8 (size before relaxing)

.debug_loc      0x00000000     0x2265
 *(.debug_loc)
 .debug_loc     0x00000000      0x22f src/kernel/semaphore.o
 .debug_loc     0x0000022f      0x7ba src/main.o
 .debug_loc     0x000009e9       0x2b src/kernel/rosa_int.o
 .debug_loc     0x00000a14      0x331 src/kernel/rosa_ker.o
 .debug_loc     0x00000d45       0x2b src/kernel/rosa_scheduler.o
 .debug_loc     0x00000d70       0x56 src/kernel/rosa_tim.o
 .debug_loc     0x00000dc6      0x158 ../src/drivers/button.o
 .debug_loc     0x00000f1e       0x2b ../src/drivers/delay.o
 .debug_loc     0x00000f49       0xd7 ../src/drivers/gpio.o
 .debug_loc     0x00001020       0xac ../src/drivers/led.o
 .debug_loc     0x000010cc      0x183 ../src/drivers/usart.o
 .debug_loc     0x0000124f       0x13 c:/program files (x86)/atmel/studio/7.0/toolchain/avr32/avr32-gnu-toolchain/bin/../lib/gcc/avr32/4.4.7/../../../../avr32/lib/ucr2\libc.a(lib_a-abs.o)
 .debug_loc     0x00001262       0x45 c:/program files (x86)/atmel/studio/7.0/toolchain/avr32/avr32-gnu-toolchain/bin/../lib/gcc/avr32/4.4.7/../../../../avr32/lib/ucr2\libc.a(lib_a-calloc.o)
 .debug_loc     0x000012a7       0xbd c:/program files (x86)/atmel/studio/7.0/toolchain/avr32/avr32-gnu-toolchain/bin/../lib/gcc/avr32/4.4.7/../../../../avr32/lib/ucr2\libc.a(lib_a-callocr.o)
 .debug_loc     0x00001364       0x64 c:/program files (x86)/atmel/studio/7.0/toolchain/avr32/avr32-gnu-toolchain/bin/../lib/gcc/avr32/4.4.7/../../../../avr32/lib/ucr2\libc.a(lib_a-malloc.o)
 .debug_loc     0x000013c8      0x59a c:/program files (x86)/atmel/studio/7.0/toolchain/avr32/avr32-gnu-toolchain/bin/../lib/gcc/avr32/4.4.7/../../../../avr32/lib/ucr2\libc.a(lib_a-mallocr.o)
 .debug_loc     0x00001962       0x63 c:/program files (x86)/atmel/studio/7.0/toolchain/avr32/avr32-gnu-toolchain/bin/../lib/gcc/avr32/4.4.7/../../../../avr32/lib/ucr2\libc.a(lib_a-sbrkr.o)
 .debug_loc     0x000019c5      0x268 c:/program files (x86)/atmel/studio/7.0/toolchain/avr32/avr32-gnu-toolchain/bin/../lib/gcc/avr32/4.4.7/../../../../avr32/lib/ucr2\libc.a(lib_a-syscalls.o)
 .debug_loc     0x00001c2d      0x202 c:/program files (x86)/atmel/studio/7.0/toolchain/avr32/avr32-gnu-toolchain/bin/../lib/gcc/avr32/4.4.7/../../../../avr32/lib/ucr2\libc.a(lib_a-findfp.o)
 .debug_loc     0x00001e2f      0x32c c:/program files (x86)/atmel/studio/7.0/toolchain/avr32/avr32-gnu-toolchain/bin/../lib/gcc/avr32/4.4.7/../../../../avr32/lib/ucr2\libc.a(lib_a-freer.o)
 .debug_loc     0x0000215b      0x10a c:/program files (x86)/atmel/studio/7.0/toolchain/avr32/avr32-gnu-toolchain/bin/../lib/gcc/avr32/4.4.7/../../../../avr32/lib/ucr2\libc.a(lib_a-reent.o)

.debug_macinfo  0x00000000   0x5306ab
 *(.debug_macinfo)
 .debug_macinfo
                0x00000000    0xdd4f0 src/kernel/semaphore.o
 .debug_macinfo
                0x000dd4f0    0xdd9a9 src/main.o
 .debug_macinfo
                0x001bae99    0xdd519 src/kernel/rosa_int.o
 .debug_macinfo
                0x002983b2    0xdd9b4 src/kernel/rosa_ker.o
 .debug_macinfo
                0x00375d66    0xdd51b src/kernel/rosa_scheduler.o
 .debug_macinfo
                0x00453281    0xdd42a src/kernel/rosa_tim.o

.debug_weaknames
 *(.debug_weaknames)

.debug_funcnames
 *(.debug_funcnames)

.debug_typenames
 *(.debug_typenames)

.debug_varnames
 *(.debug_varnames)

.appstack       0x0000e000     0x1000
                0x0000e000                _appstack = .
 *(.appstack)
                0x00001000                . = __appstack_size__
 *fill*         0x0000e000     0x1000 
                0x0000f000                _eappstack = .

.stack          0x0000f000     0x1000
                0x0000f000                _stack = .
 *(.stack)
                0x00001000                . = __stack_size__
 *fill*         0x0000f000     0x1000 
                0x00010000                _estack = .

.userpage
 *(.userpage .userpage.*)

/DISCARD/
 *(.note.GNU-stack)
OUTPUT(ROSA.elf elf32-avr32)

.debug_ranges   0x00000000      0x6e8
 .debug_ranges  0x00000000       0x78 src/kernel/semaphore.o
 .debug_ranges  0x00000078      0x180 src/main.o
 .debug_ranges  0x000001f8       0x18 src/kernel/rosa_int.o
 .debug_ranges  0x00000210       0xa8 src/kernel/rosa_ker.o
 .debug_ranges  0x000002b8       0x18 src/kernel/rosa_scheduler.o
 .debug_ranges  0x000002d0       0x20 src/kernel/rosa_tim.o
 .debug_ranges  0x000002f0       0x50 ../src/drivers/button.o
 .debug_ranges  0x00000340       0x18 ../src/drivers/delay.o
 .debug_ranges  0x00000358       0x38 ../src/drivers/gpio.o
 .debug_ranges  0x00000390       0x30 ../src/drivers/led.o
 .debug_ranges  0x000003c0       0x58 ../src/drivers/usart.o
 .debug_ranges  0x00000418       0x18 c:/program files (x86)/atmel/studio/7.0/toolchain/avr32/avr32-gnu-toolchain/bin/../lib/gcc/avr32/4.4.7/../../../../avr32/lib/ucr2\libc.a(lib_a-abs.o)
 .debug_ranges  0x00000430       0x18 c:/program files (x86)/atmel/studio/7.0/toolchain/avr32/avr32-gnu-toolchain/bin/../lib/gcc/avr32/4.4.7/../../../../avr32/lib/ucr2\libc.a(lib_a-calloc.o)
 .debug_ranges  0x00000448       0x18 c:/program files (x86)/atmel/studio/7.0/toolchain/avr32/avr32-gnu-toolchain/bin/../lib/gcc/avr32/4.4.7/../../../../avr32/lib/ucr2\libc.a(lib_a-callocr.o)
 .debug_ranges  0x00000460       0x20 c:/program files (x86)/atmel/studio/7.0/toolchain/avr32/avr32-gnu-toolchain/bin/../lib/gcc/avr32/4.4.7/../../../../avr32/lib/ucr2\libc.a(lib_a-malloc.o)
 .debug_ranges  0x00000480       0x18 c:/program files (x86)/atmel/studio/7.0/toolchain/avr32/avr32-gnu-toolchain/bin/../lib/gcc/avr32/4.4.7/../../../../avr32/lib/ucr2\libc.a(lib_a-mallocr.o)
 .debug_ranges  0x00000498       0x18 c:/program files (x86)/atmel/studio/7.0/toolchain/avr32/avr32-gnu-toolchain/bin/../lib/gcc/avr32/4.4.7/../../../../avr32/lib/ucr2\libc.a(lib_a-memset.o)
 .debug_ranges  0x000004b0       0x20 c:/program files (x86)/atmel/studio/7.0/toolchain/avr32/avr32-gnu-toolchain/bin/../lib/gcc/avr32/4.4.7/../../../../avr32/lib/ucr2\libc.a(lib_a-mlock.o)
 .debug_ranges  0x000004d0       0x18 c:/program files (x86)/atmel/studio/7.0/toolchain/avr32/avr32-gnu-toolchain/bin/../lib/gcc/avr32/4.4.7/../../../../avr32/lib/ucr2\libc.a(lib_a-sbrkr.o)
 .debug_ranges  0x000004e8       0xf0 c:/program files (x86)/atmel/studio/7.0/toolchain/avr32/avr32-gnu-toolchain/bin/../lib/gcc/avr32/4.4.7/../../../../avr32/lib/ucr2\libc.a(lib_a-syscalls.o)
 .debug_ranges  0x000005d8       0x18 c:/program files (x86)/atmel/studio/7.0/toolchain/avr32/avr32-gnu-toolchain/bin/../lib/gcc/avr32/4.4.7/../../../../avr32/lib/ucr2\libc.a(lib_a-errno.o)
 .debug_ranges  0x000005f0       0xb0 c:/program files (x86)/atmel/studio/7.0/toolchain/avr32/avr32-gnu-toolchain/bin/../lib/gcc/avr32/4.4.7/../../../../avr32/lib/ucr2\libc.a(lib_a-findfp.o)
 .debug_ranges  0x000006a0       0x20 c:/program files (x86)/atmel/studio/7.0/toolchain/avr32/avr32-gnu-toolchain/bin/../lib/gcc/avr32/4.4.7/../../../../avr32/lib/ucr2\libc.a(lib_a-freer.o)
 .debug_ranges  0x000006c0       0x28 c:/program files (x86)/atmel/studio/7.0/toolchain/avr32/avr32-gnu-toolchain/bin/../lib/gcc/avr32/4.4.7/../../../../avr32/lib/ucr2\libc.a(lib_a-reent.o)
